 mmenu.exe

 Timestamp is 4c13baca (Sat Jun 12 13:50:18 2010)

 Preferred load address is 00400000

 Start         Length     Name                   Class
 0001:00000000 00037bc6H .text                   CODE
 0002:00000000 00009204H .rdata                  DATA
 0003:00000000 000015d4H .data                   DATA
 0003:000015d4 00000542H .data2                  DATA
 0003:00001b18 000000b4H .idata$2                DATA
 0003:00001bcc 00000014H .idata$3                DATA
 0003:00001be0 00000384H .idata$4                DATA
 0003:00001f64 00000384H .idata$5                DATA
 0003:000022e8 00000e8aH .idata$6                DATA
 0003:00003174 00000344H .bss                    DATA
 0004:00000000 00016eacH .rsrc                   DATA

  Address         Publics by Value              Rva+Base     Lib:Object

 0000:00000000       __except_list              00000000     <absolute>
 0001:00000000       _add@8                     00401000 f   main_menu.obj
 0001:00000010       _msga@4                    00401010 f   main_menu.obj
 0001:00000030       _mainX@8                   00401030 f   main_menu.obj
 0001:00000350       _Createmain_menu_WndClassWnd@0 00401350 f   main_menu.obj
 0001:000003a0       _MainWndProc_OnCommand@16  004013a0 f   main_menu.obj
 0001:00000580       _MainWndProc@16            00401580 f   main_menu.obj
 0001:00000aa0       _WinMain@16                00401aa0 f   main_menu.obj
 0001:00000b70       _create_Controls@12        00401b70 f   main_menu.obj
 0001:00000c80       _ButtonProc@16             00401c80 f   main_menu.obj
 0001:00000f10       _MapDialogControlRect@12   00401f10 f   main_menu.obj
 0001:00001050       _LoadXmlMenu@4             00402050 f   main_menu.obj
 0001:00001a40       _install_Hook@12           00402a40 f   main_menu.obj
 0001:00001bb0       _menuproc_sclass@16        00402bb0 f   main_menu.obj
 0001:00001fe0       _initHook@0                00402fe0 f   main_menu.obj
 0001:00002010       _unitHook@0                00403010 f   main_menu.obj
 0001:00002070       _draw_menu@16              00403070 f   main_menu.obj
 0001:00002390       _draw_buttons@16           00403390 f   main_menu.obj
 0001:00002550       _MenuType@8                00403550 f   main_menu.obj
 0001:000025d0       _IsRootMenu@4              004035d0 f   main_menu.obj
 0001:00002630       _startDragDrop@4           00403630 f   main_menu.obj
 0001:00002700       _imageOptions@12           00403700 f   main_menu.obj
 0001:000028e0       _MagnetWindow@4            004038e0 f   main_menu.obj
 0001:000029d0       _HextoDec@4                004039d0 f   main_menu.obj
 0001:00002a30       _xstrtoi@4                 00403a30 f   main_menu.obj
 0001:00002a50       _xmlInitnstance@8          00403a50 f   main_menu.obj
 0001:00003030       _oleStrToAnsi@8            00404030 f   main_menu.obj
 0001:00003110       _drawMenuSeparator@16      00404110 f   main_menu.obj
 0001:00003340       _drawRootMenuItem@16       00404340 f   main_menu.obj
 0001:00003800       _drawChildMenuItem@16      00404800 f   main_menu.obj
 0001:00003810       _UpdateAppearance@8        00404810 f   main_menu.obj
 0001:00003930       _SetWindowTransparentMode@8 00404930 f   main_menu.obj
 0001:000039a0       _updateWindowAlpha@28      004049a0 f   main_menu.obj
 0001:00003b90       _AlphaDraw@24              00404b90 f   main_menu.obj
 0001:00003cb0       _Load32bppTga@8            00404cb0 f   main_menu.obj
 0001:00003e10       _dhCreateObjectEx@20       00404e10 f   disphelper.obj
 0001:00003ee0       _dhGetObjectEx@24          00404ee0 f   disphelper.obj
 0001:00004030       _dhCreateObject@12         00405030 f   disphelper.obj
 0001:000040a0       _dhGetObject@12            004050a0 f   disphelper.obj
 0001:000040f0       _dhCallMethod              004050f0 f   disphelper.obj
 0001:00004140       _dhPutValue                00405140 f   disphelper.obj
 0001:00004190       _dhPutRef                  00405190 f   disphelper.obj
 0001:000041e0       _dhGetValue                004051e0 f   disphelper.obj
 0001:00004230       _dhInvoke                  00405230 f   disphelper.obj
 0001:00004290       _dhInvokeArray@24          00405290 f   disphelper.obj
 0001:000043c0       _dhCallMethodV@12          004053c0 f   disphelper.obj
 0001:00004400       _dhPutValueV@12            00405400 f   disphelper.obj
 0001:00004440       _dhPutRefV@12              00405440 f   disphelper.obj
 0001:00004480       _dhGetValueV@20            00405480 f   disphelper.obj
 0001:000047f0       _dhInvokeV@24              004057f0 f   disphelper.obj
 0001:00004ee0       _dhEnumBeginV@16           00405ee0 f   disphelper.obj
 0001:00005030       _dhEnumNextVariant@8       00406030 f   disphelper.obj
 0001:000050a0       _dhEnumNextObject@8        004060a0 f   disphelper.obj
 0001:00005150       _dhEnumBegin               00406150 f   disphelper.obj
 0001:000051a0       _ConvertFileTimeToVariantTime@8 004061a0 f   disphelper.obj
 0001:00005250       _ConvertVariantTimeToFileTime@12 00406250 f   disphelper.obj
 0001:000052f0       _ConvertVariantTimeToSystemTime@12 004062f0 f   disphelper.obj
 0001:00005360       _ConvertSystemTimeToVariantTime@8 00406360 f   disphelper.obj
 0001:000053c0       _ConvertVariantTimeToTimeT@12 004063c0 f   disphelper.obj
 0001:00005450       _ConvertTimeTToVariantTime@8 00406450 f   disphelper.obj
 0001:00005520       _ConvertAnsiStrToBStr@8    00406520 f   disphelper.obj
 0001:000055f0       _ConvertBStrToAnsiStr@8    004065f0 f   disphelper.obj
 0001:00005780       _dhEnter@0                 00406780 f   disphelper.obj
 0001:000057b0       _dhExitEx@28               004067b0 f   disphelper.obj
 0001:000059c0       _dhShowException@4         004069c0 f   disphelper.obj
 0001:00005a10       _dhFormatExceptionW@16     00406a10 f   disphelper.obj
 0001:00005d30       _dhFormatExceptionA@16     00406d30 f   disphelper.obj
 0001:00005db0       _dhGetLastException@4      00406db0 f   disphelper.obj
 0001:00005df0       _dhToggleExceptions@4      00406df0 f   disphelper.obj
 0001:00005e10       _dhSetExceptionOptions@4   00406e10 f   disphelper.obj
 0001:00005e50       _dhGetExceptionOptions@4   00406e50 f   disphelper.obj
 0001:00005e90       _dhCleanupThreadException@0 00406e90 f   disphelper.obj
 0001:00005f00       _dhInitializeImp@8         00406f00 f   disphelper.obj
 0001:00005f30       _dhUninitialize@4          00406f30 f   disphelper.obj
 0001:00005f50       _DropTarget_CDropTarget@0  00406f50 f   IDropTarget.obj
 0001:00005fc0       _DropTarget_QueryInterface@12 00406fc0 f   IDropTarget.obj
 0001:00006020       _DropTarget_AddRef@4       00407020 f   IDropTarget.obj
 0001:00006040       _DropTarget_Release@4      00407040 f   IDropTarget.obj
 0001:00006080       _DropTarget_DragEnter@24   00407080 f   IDropTarget.obj
 0001:00006100       _DropTarget_DragOver@20    00407100 f   IDropTarget.obj
 0001:00006140       _DropTarget_DragLeave@4    00407140 f   IDropTarget.obj
 0001:00006170       _DropTarget_Drop@24        00407170 f   IDropTarget.obj
 0001:00006220       _QueryDrop@12              00407220 f   IDropTarget.obj
 0001:000062e0       _DisplayFileNames@8        004072e0 f   IDropTarget.obj
 0001:00006370       _DataObject_CDataObject@0  00407370 f   IDataObject.obj
 0001:000063d0       _DataObject_QueryInterface@12 004073d0 f   IDataObject.obj
 0001:00006430       _DataObject_AddRef@4       00407430 f   IDataObject.obj
 0001:00006450       _DataObject_Release@4      00407450 f   IDataObject.obj
 0001:00006480       _DataObject_GetData@12     00407480 f   IDataObject.obj
 0001:00006530       _DataObject_GetDataHere@12 00407530 f   IDataObject.obj
 0001:00006540       _DataObject_QueryGetData@8 00407540 f   IDataObject.obj
 0001:000065c0       _DataObject_GetCanonicalFormatEtc@12 004075c0 f   IDataObject.obj
 0001:000065d0       _DataObject_SetData@16     004075d0 f   IDataObject.obj
 0001:00006700       _DataObject_EnumFormatEtc@12 00407700 f   IDataObject.obj
 0001:00006750       _DataObject_DAdvise@20     00407750 f   IDataObject.obj
 0001:00006760       _DataObject_DUnadvise@8    00407760 f   IDataObject.obj
 0001:00006770       _DataObject_EnumDAdvise@8  00407770 f   IDataObject.obj
 0001:00006780       _DropSource_CDropSource@0  00407780 f   IDropSource.obj
 0001:000067e0       _DropSource_QueryInterface@12 004077e0 f   IDropSource.obj
 0001:00006840       _DropSource_AddRef@4       00407840 f   IDropSource.obj
 0001:00006860       _DropSource_Release@4      00407860 f   IDropSource.obj
 0001:00006890       _DropSource_GiveFeedback@8 00407890 f   IDropSource.obj
 0001:000068b0       _DropSource_QueryContinueDrag@12 004078b0 f   IDropSource.obj
 0001:000068e0       _EnumFORMATETC_CEnumFormatEtc@8 004078e0 f   IEnumFORMATETC.obj
 0001:00006970       _EnumFORMATETC_QueryInterface@12 00407970 f   IEnumFORMATETC.obj
 0001:000069d0       _EnumFORMATETC_AddRef@4    004079d0 f   IEnumFORMATETC.obj
 0001:000069f0       _EnumFORMATETC_Release@4   004079f0 f   IEnumFORMATETC.obj
 0001:00006a30       _EnumFORMATETC_Next@16     00407a30 f   IEnumFORMATETC.obj
 0001:00006ad0       _EnumFORMATETC_Skip@8      00407ad0 f   IEnumFORMATETC.obj
 0001:00006b00       _EnumFORMATETC_Reset@4     00407b00 f   IEnumFORMATETC.obj
 0001:00006b20       _EnumFORMATETC_Clone@8     00407b20 f   IEnumFORMATETC.obj
 0001:00006b70       _manage_menu@8             00407b70 f   manage_menu.obj
 0001:00006cf0       _treeWndProc@16            00407cf0 f   manage_menu.obj
 0001:00006d00       _main_menu_wndProc@16      00407d00 f   manage_menu.obj
 0001:000070f0       _createControls@8          004080f0 f   manage_menu.obj
 0001:00007370       _buildTree@12              00408370 f   manage_menu.obj
 0001:00007580       _BSTRtoANSI@4              00408580 f   manage_menu.obj
 0001:000075f0       _ANSItoBSTR@4              004085f0 f   manage_menu.obj
 0001:00007650       _DrawButtons@16            00408650 f   manage_menu.obj
 0001:00007710       _btnProc@16                00408710 f   manage_menu.obj
 0001:00007a90       _initBtnClass@4            00408a90 f   manage_menu.obj
 0001:00007b30       _wallpaperFromHbitmap@12   00408b30 f   manage_menu.obj
 0001:00007ba0       _DelPropProc@12            00408ba0 f   manage_menu.obj
 0001:00007bc0       _DrawMenuShadow@16         00408bc0 f   manage_menu.obj
 0001:00007d60       _pMask@8                   00408d60 f   manage_menu.obj
 0001:00007e00       _CaptureScreen@0           00408e00 f   manage_menu.obj
 0001:00007e90       _blurBitmap2@12            00408e90 f   manage_menu.obj
 0001:000082b0       _loadXML@4                 004092b0 f   xmleng.obj
 0001:00008510       _populateNode@4            00409510 f   xmleng.obj
 0001:000085b0       _populateAttributes@4      004095b0 f   xmleng.obj
 0001:00008620       _getAttributeValue@12      00409620 f   xmleng.obj
 0001:000086c0       _AnsiToUnicode@8           004096c0 f   xmleng.obj
 0001:00008750       _ConvertAnsiStrToBStrx@8   00409750 f   xmleng.obj
 0001:00008820       _ConvertBStrToAnsiStrx@8   00409820 f   xmleng.obj
 0001:00008900       _unloadXML@0               00409900 f   xmleng.obj
 0001:00008910       _iconFromPng@0             00409910 f   graphic.obj
 0001:00008a80       _create_alpha_bitmap@12    00409a80 f   graphic.obj
 0001:00008b20       _drawIconToBitmap@16       00409b20 f   graphic.obj
 0001:00008cf0       _CreateBitmapMask@8        00409cf0 f   graphic.obj
 0001:00008e00       _DrawTransparentBitmap@20  00409e00 f   graphic.obj
 0001:000090e0       _compositeImage@8          0040a0e0 f   graphic.obj
 0001:00009290       _gradientFill@28           0040a290 f   graphic.obj
 0001:00009420       _compositeMask@12          0040a420 f   graphic.obj
 0001:00009430       _bitMask8bits@8            0040a430 f   graphic.obj
 0001:00009590       _DrawAlphaBlend@8          0040a590 f   graphic.obj
 0001:000097e0       _skinedBox@20              0040a7e0 f   graphic.obj
 0001:00009950       _InterpolateLinear@20      0040a950 f   graphic.obj
 0001:00009a90       _wallpaper@12              0040aa90 f   graphic.obj
 0001:00009ba0       _loadPNG@4                 0040aba0 f   graphic.obj
 0001:00009cf0       _doCheckFileHeader@4       0040acf0 f   graphic.obj
 0001:00009d80       _doExtractCanonicData@8    0040ad80 f   graphic.obj
 0001:00009e10       _doConvertRGBA8@8          0040ae10 f   graphic.obj
 0001:00009f00       _doConvertGrey8@8          0040af00 f   graphic.obj
 0001:00009fe0       _doConvertGreyA8@8         0040afe0 f   graphic.obj
 0001:0000a0d0       _getBGRA                   0040b0d0 f   graphic.obj
 0001:0000a0e0       _doGlow@4                  0040b0e0 f   graphic.obj
 0001:0000a2a0       _CreateDrawing@4           0040b2a0 f   graphic.obj
 0001:0000a480       _CreateGlow@8              0040b480 f   graphic.obj
 0001:0000b160       _blurBitmap@12             0040c160 f   graphic.obj
 0001:0000b580       _CreateAngledFont@16       0040c580 f   graphic.obj
 0001:0000b5f0       _SelectIconA@16            0040c5f0 f   shellHelper.obj
 0001:0000b710       _SelectIconW@16            0040c710 f   shellHelper.obj
 0001:0000b800       _png_set_sig_bytes         0040c800 f   png.obj
 0001:0000b830       _png_sig_cmp               0040c830 f   png.obj
 0001:0000b8a0       _png_check_sig             0040c8a0 f   png.obj
 0001:0000b8c0       _png_zalloc@12             0040c8c0 f   png.obj
 0001:0000b930       _png_zfree@8               0040c930 f   png.obj
 0001:0000b950       _png_reset_crc@4           0040c950 f   png.obj
 0001:0000b970       _png_calculate_crc@12      0040c970 f   png.obj
 0001:0000b9d0       _png_create_info_struct    0040c9d0 f   png.obj
 0001:0000ba20       _png_destroy_info_struct   0040ca20 f   png.obj
 0001:0000ba60       _png_info_init             0040ca60 f   png.obj
 0001:0000ba80       _png_info_init_3           0040ca80 f   png.obj
 0001:0000bac0       _png_data_freer            0040cac0 f   png.obj
 0001:0000bb10       _png_free_data             0040cb10 f   png.obj
 0001:0000bf70       _png_info_destroy@8        0040cf70 f   png.obj
 0001:0000bfd0       _png_get_io_ptr            0040cfd0 f   png.obj
 0001:0000bfe0       _png_init_io               0040cfe0 f   png.obj
 0001:0000bff0       _png_convert_to_rfc1123    0040cff0 f   png.obj
 0001:0000c090       _png_get_copyright         0040d090 f   png.obj
 0001:0000c0b0       _png_get_libpng_ver        0040d0b0 f   png.obj
 0001:0000c0d0       _png_get_header_ver        0040d0d0 f   png.obj
 0001:0000c0f0       _png_get_header_version    0040d0f0 f   png.obj
 0001:0000c110       _png_handle_as_unknown     0040d110 f   png.obj
 0001:0000c180       _png_reset_zstream         0040d180 f   png.obj
 0001:0000c1a0       _png_access_version_number 0040d1a0 f   png.obj
 0001:0000c1b0       _png_init_mmx_flags@4      0040d1b0 f   png.obj
 0001:0000c1e0       _png_mmx_support           0040d1e0 f   png.obj
 0001:0000c1f0       _png_error                 0040d1f0 f   pngerror.obj
 0001:0000c280       _png_warning               0040d280 f   pngerror.obj
 0001:0000c3c0       _png_chunk_error           0040d3c0 f   pngerror.obj
 0001:0000c3f0       _png_chunk_warning         0040d3f0 f   pngerror.obj
 0001:0000c550       _png_set_error_fn          0040d550 f   pngerror.obj
 0001:0000c570       _png_get_error_ptr         0040d570 f   pngerror.obj
 0001:0000c580       _png_set_strip_error_numbers 0040d580 f   pngerror.obj
 0001:0000c5a0       _png_get_valid             0040d5a0 f   pngget.obj
 0001:0000c5c0       _png_get_rowbytes          0040d5c0 f   pngget.obj
 0001:0000c5e0       _png_get_rows              0040d5e0 f   pngget.obj
 0001:0000c600       _png_get_image_width       0040d600 f   pngget.obj
 0001:0000c620       _png_get_image_height      0040d620 f   pngget.obj
 0001:0000c640       _png_get_bit_depth         0040d640 f   pngget.obj
 0001:0000c660       _png_get_color_type        0040d660 f   pngget.obj
 0001:0000c680       _png_get_filter_type       0040d680 f   pngget.obj
 0001:0000c6a0       _png_get_interlace_type    0040d6a0 f   pngget.obj
 0001:0000c6c0       _png_get_compression_type  0040d6c0 f   pngget.obj
 0001:0000c6e0       _png_get_x_pixels_per_meter 0040d6e0 f   pngget.obj
 0001:0000c710       _png_get_y_pixels_per_meter 0040d710 f   pngget.obj
 0001:0000c740       _png_get_pixels_per_meter  0040d740 f   pngget.obj
 0001:0000c770       _png_get_pixel_aspect_ratio 0040d770 f   pngget.obj
 0001:0000c7c0       _png_get_x_offset_microns  0040d7c0 f   pngget.obj
 0001:0000c7f0       _png_get_y_offset_microns  0040d7f0 f   pngget.obj
 0001:0000c820       _png_get_x_offset_pixels   0040d820 f   pngget.obj
 0001:0000c850       _png_get_y_offset_pixels   0040d850 f   pngget.obj
 0001:0000c880       _png_get_channels          0040d880 f   pngget.obj
 0001:0000c8a0       _png_get_signature         0040d8a0 f   pngget.obj
 0001:0000c8c0       _png_get_bKGD              0040d8c0 f   pngget.obj
 0001:0000c8f0       _png_get_cHRM              0040d8f0 f   pngget.obj
 0001:0000c9b0       _png_get_cHRM_fixed        0040d9b0 f   pngget.obj
 0001:0000ca70       _png_get_gAMA              0040da70 f   pngget.obj
 0001:0000caa0       _png_get_gAMA_fixed        0040daa0 f   pngget.obj
 0001:0000cad0       _png_get_sRGB              0040dad0 f   pngget.obj
 0001:0000cb00       _png_get_iCCP              0040db00 f   pngget.obj
 0001:0000cb70       _png_get_sPLT              0040db70 f   pngget.obj
 0001:0000cba0       _png_get_hIST              0040dba0 f   pngget.obj
 0001:0000cbd0       _png_get_IHDR              0040dbd0 f   pngget.obj
 0001:0000cd00       _png_get_oFFs              0040dd00 f   pngget.obj
 0001:0000cd50       _png_get_pCAL              0040dd50 f   pngget.obj
 0001:0000ce00       _png_get_sCAL              0040de00 f   pngget.obj
 0001:0000ce50       _png_get_pHYs              0040de50 f   pngget.obj
 0001:0000ceb0       _png_get_PLTE              0040deb0 f   pngget.obj
 0001:0000cef0       _png_get_sBIT              0040def0 f   pngget.obj
 0001:0000cf20       _png_get_text              0040df20 f   pngget.obj
 0001:0000cf70       _png_get_tIME              0040df70 f   pngget.obj
 0001:0000cfa0       _png_get_tRNS              0040dfa0 f   pngget.obj
 0001:0000d020       _png_get_unknown_chunks    0040e020 f   pngget.obj
 0001:0000d050       _png_get_rgb_to_gray_status 0040e050 f   pngget.obj
 0001:0000d070       _png_get_user_chunk_ptr    0040e070 f   pngget.obj
 0001:0000d090       _png_get_compression_buffer_size 0040e090 f   pngget.obj
 0001:0000d0b0       _png_get_asm_flags         0040e0b0 f   pngget.obj
 0001:0000d0d0       _png_get_asm_flagmask      0040e0d0 f   pngget.obj
 0001:0000d0f0       _png_get_mmx_flagmask      0040e0f0 f   pngget.obj
 0001:0000d120       _png_get_mmx_bitdepth_threshold 0040e120 f   pngget.obj
 0001:0000d140       _png_get_mmx_rowbytes_threshold 0040e140 f   pngget.obj
 0001:0000d160       _png_get_user_width_max    0040e160 f   pngget.obj
 0001:0000d180       _png_get_user_height_max   0040e180 f   pngget.obj
 0001:0000d1a0       _png_create_struct@4       0040e1a0 f   pngmem.obj
 0001:0000d1c0       _png_create_struct_2@12    0040e1c0 f   pngmem.obj
 0001:0000d240       _png_destroy_struct@4      0040e240 f   pngmem.obj
 0001:0000d260       _png_destroy_struct_2@12   0040e260 f   pngmem.obj
 0001:0000d2a0       _png_malloc                0040e2a0 f   pngmem.obj
 0001:0000d300       _png_malloc_default        0040e300 f   pngmem.obj
 0001:0000d320       _png_free                  0040e320 f   pngmem.obj
 0001:0000d360       _png_free_default          0040e360 f   pngmem.obj
 0001:0000d380       _png_malloc_warn           0040e380 f   pngmem.obj
 0001:0000d3b0       _png_memcpy_check          0040e3b0 f   pngmem.obj
 0001:0000d3f0       _png_memset_check          0040e3f0 f   pngmem.obj
 0001:0000d430       _png_set_mem_fn            0040e430 f   pngmem.obj
 0001:0000d460       _png_get_mem_ptr           0040e460 f   pngmem.obj
 0001:0000d470       _png_process_data          0040e470 f   pngpread.obj
 0001:0000d4a0       _png_process_some_data@8   0040e4a0 f   pngpread.obj
 0001:0000d510       _png_push_read_sig@8       0040e510 f   pngpread.obj
 0001:0000d5d0       _png_push_read_chunk@8     0040e5d0 f   pngpread.obj
 0001:0000dd80       _png_push_crc_skip@8       0040ed80 f   pngpread.obj
 0001:0000dda0       _png_push_crc_finish@4     0040eda0 f   pngpread.obj
 0001:0000de90       _png_push_fill_buffer      0040ee90 f   pngpread.obj
 0001:0000df50       _png_push_save_buffer@4    0040ef50 f   pngpread.obj
 0001:0000e080       _png_push_restore_buffer@12 0040f080 f   pngpread.obj
 0001:0000e0c0       _png_push_read_IDAT@4      0040f0c0 f   pngpread.obj
 0001:0000e2b0       _png_process_IDAT_data@12  0040f2b0 f   pngpread.obj
 0001:0000e3c0       _png_push_process_row@4    0040f3c0 f   pngpread.obj
 0001:0000e7b0       _png_read_push_finish_row@4 0040f7b0 f   pngpread.obj
 0001:0000e930       _png_push_handle_tEXt@12   0040f930 f   pngpread.obj
 0001:0000e9b0       _png_push_read_tEXt@8      0040f9b0 f   pngpread.obj
 0001:0000ead0       _png_push_handle_zTXt@12   0040fad0 f   pngpread.obj
 0001:0000eb50       _png_push_read_zTXt@8      0040fb50 f   pngpread.obj
 0001:0000eec0       _png_push_handle_unknown@12 0040fec0 f   pngpread.obj
 0001:0000eff0       _png_push_have_info@8      0040fff0 f   pngpread.obj
 0001:0000f020       _png_push_have_end@8       00410020 f   pngpread.obj
 0001:0000f050       _png_push_have_row@8       00410050 f   pngpread.obj
 0001:0000f080       _png_progressive_combine_row 00410080 f   pngpread.obj
 0001:0000f0b0       _png_set_progressive_read_fn 004100b0 f   pngpread.obj
 0001:0000f0f0       _png_get_progressive_ptr   004100f0 f   pngpread.obj
 0001:0000f100       _png_create_read_struct    00410100 f   pngread.obj
 0001:0000f130       _png_create_read_struct_2  00410130 f   pngread.obj
 0001:0000f360       _png_read_init             00410360 f   pngread.obj
 0001:0000f380       _png_read_init_2           00410380 f   pngread.obj
 0001:0000f470       _png_read_init_3           00410470 f   pngread.obj
 0001:0000f5c0       _png_read_info             004105c0 f   pngread.obj
 0001:0000fae0       _png_read_update_info      00410ae0 f   pngread.obj
 0001:0000fb20       _png_start_read_image      00410b20 f   pngread.obj
 0001:0000fb40       _png_read_row              00410b40 f   pngread.obj
 0001:00010000       _png_read_rows             00411000 f   pngread.obj
 0001:000100c0       _png_read_image            004110c0 f   pngread.obj
 0001:00010130       _png_read_end              00411130 f   pngread.obj
 0001:00010520       _png_destroy_read_struct   00411520 f   pngread.obj
 0001:000105f0       _png_read_destroy@12       004115f0 f   pngread.obj
 0001:00010880       _png_set_read_status_fn    00411880 f   pngread.obj
 0001:00010890       _png_read_png              00411890 f   pngread.obj
 0001:00010a30       _png_read_data@12          00411a30 f   pngrio.obj
 0001:00010a70       _png_default_read_data     00411a70 f   pngrio.obj
 0001:00010ab0       _png_set_read_fn           00411ab0 f   pngrio.obj
 0001:00010b10       _png_set_crc_action        00411b10 f   pngrtran.obj
 0001:00010bb0       _png_set_background        00411bb0 f   pngrtran.obj
 0001:00010c50       _png_set_strip_16          00411c50 f   pngrtran.obj
 0001:00010c60       _png_set_strip_alpha       00411c60 f   pngrtran.obj
 0001:00010c70       _png_set_dither            00411c70 f   pngrtran.obj
 0001:000116b0       _png_set_gamma             004126b0 f   pngrtran.obj
 0001:00011720       _png_set_expand            00412720 f   pngrtran.obj
 0001:00011730       _png_set_palette_to_rgb    00412730 f   pngrtran.obj
 0001:00011740       _png_set_gray_1_2_4_to_8   00412740 f   pngrtran.obj
 0001:00011750       _png_set_tRNS_to_alpha     00412750 f   pngrtran.obj
 0001:00011760       _png_set_gray_to_rgb       00412760 f   pngrtran.obj
 0001:00011770       _png_set_rgb_to_gray       00412770 f   pngrtran.obj
 0001:000117d0       _png_set_rgb_to_gray_fixed 004127d0 f   pngrtran.obj
 0001:000118c0       _png_set_read_user_transform_fn 004128c0 f   pngrtran.obj
 0001:000118e0       _png_init_read_transformations@4 004128e0 f   pngrtran.obj
 0001:000126d0       _png_read_transform_info@8 004136d0 f   pngrtran.obj
 0001:00012880       _png_do_read_transformations@4 00413880 f   pngrtran.obj
 0001:00012ce0       _png_do_unpack@8           00413ce0 f   pngrtran.obj
 0001:00012e60       _png_do_unshift@12         00413e60 f   pngrtran.obj
 0001:000130b0       _png_do_chop@8             004140b0 f   pngrtran.obj
 0001:00013100       _png_do_read_swap_alpha@8  00414100 f   pngrtran.obj
 0001:00013240       _png_do_read_invert_alpha@8 00414240 f   pngrtran.obj
 0001:000133a0       _png_do_read_filler@16     004143a0 f   pngrtran.obj
 0001:000137b0       _png_do_gray_to_rgb@8      004147b0 f   pngrtran.obj
 0001:00013950       _png_do_rgb_to_gray@12     00414950 f   pngrtran.obj
 0001:000144a0       _png_build_grayscale_palette 004154a0 f   pngrtran.obj
 0001:00014540       _png_do_background@48      00415540 f   pngrtran.obj
 0001:000159a0       _png_do_gamma@20           004169a0 f   pngrtran.obj
 0001:00015e50       _png_do_expand_palette@20  00416e50 f   pngrtran.obj
 0001:000160e0       _png_do_expand@12          004170e0 f   pngrtran.obj
 0001:00016530       _png_do_dither@16          00417530 f   pngrtran.obj
 0001:00016710       _png_build_gamma_table@4   00417710 f   pngrtran.obj
 0001:00016d40       _png_do_read_intrapixel@8  00417d40 f   pngrtran.obj
 0001:00016e80       _png_get_uint_31@8         00417e80 f   pngrutil.obj
 0001:00016ec0       _png_get_uint_32@4         00417ec0 f   pngrutil.obj
 0001:00016ef0       _png_get_int_32@4          00417ef0 f   pngrutil.obj
 0001:00016f20       _png_get_uint_16@4         00417f20 f   pngrutil.obj
 0001:00016f40       _png_crc_read@12           00417f40 f   pngrutil.obj
 0001:00016f70       _png_crc_finish@8          00417f70 f   pngrutil.obj
 0001:00017010       _png_crc_error@4           00418010 f   pngrutil.obj
 0001:00017080       _png_decompress_chunk@24   00418080 f   pngrutil.obj
 0001:00017440       _png_handle_IHDR@12        00418440 f   pngrutil.obj
 0001:000175c0       _png_handle_PLTE@12        004185c0 f   pngrutil.obj
 0001:00017790       _png_handle_IEND@12        00418790 f   pngrutil.obj
 0001:000177e0       _png_handle_gAMA@12        004187e0 f   pngrutil.obj
 0001:00017940       _png_handle_sBIT@12        00418940 f   pngrutil.obj
 0001:00017aa0       _png_handle_cHRM@12        00418aa0 f   pngrutil.obj
 0001:00017f10       _png_handle_sRGB@12        00418f10 f   pngrutil.obj
 0001:00018110       _png_handle_iCCP@12        00419110 f   pngrutil.obj
 0001:000182f0       _png_handle_sPLT@12        004192f0 f   pngrutil.obj
 0001:00018550       _png_handle_tRNS@12        00419550 f   pngrutil.obj
 0001:00018760       _png_handle_bKGD@12        00419760 f   pngrutil.obj
 0001:00018970       _png_handle_hIST@12        00419970 f   pngrutil.obj
 0001:00018ab0       _png_handle_pHYs@12        00419ab0 f   pngrutil.obj
 0001:00018b80       _png_handle_oFFs@12        00419b80 f   pngrutil.obj
 0001:00018c50       _png_handle_pCAL@12        00419c50 f   pngrutil.obj
 0001:00018f10       _png_handle_sCAL@12        00419f10 f   pngrutil.obj
 0001:000190c0       _png_handle_tIME@12        0041a0c0 f   pngrutil.obj
 0001:00019190       _png_handle_tEXt@12        0041a190 f   pngrutil.obj
 0001:000192b0       _png_handle_zTXt@12        0041a2b0 f   pngrutil.obj
 0001:00019430       _png_handle_unknown@12     0041a430 f   pngrutil.obj
 0001:00019580       _png_check_chunk_name@8    0041a580 f   pngrutil.obj
 0001:000195f0       _png_combine_row@12        0041a5f0 f   pngrutil.obj
 0001:000199b0       _png_do_read_interlace@4   0041a9b0 f   pngrutil.obj
 0001:00019f20       _png_read_filter_row@20    0041af20 f   pngrutil.obj
 0001:0001a1c0       _png_read_finish_row@4     0041b1c0 f   pngrutil.obj
 0001:0001a490       _png_read_start_row@4      0041b490 f   pngrutil.obj
 0001:0001a7b0       _png_set_bKGD              0041b7b0 f   pngset.obj
 0001:0001a7f0       _png_set_cHRM              0041b7f0 f   pngset.obj
 0001:0001aa60       _png_set_cHRM_fixed        0041ba60 f   pngset.obj
 0001:0001ac40       _png_set_gAMA              0041bc40 f   pngset.obj
 0001:0001acd0       _png_set_gAMA_fixed        0041bcd0 f   pngset.obj
 0001:0001ad30       _png_set_hIST              0041bd30 f   pngset.obj
 0001:0001ade0       _png_set_IHDR              0041bde0 f   pngset.obj
 0001:0001b050       _png_set_oFFs              0041c050 f   pngset.obj
 0001:0001b090       _png_set_pCAL              0041c090 f   pngset.obj
 0001:0001b260       _png_set_sCAL              0041c260 f   pngset.obj
 0001:0001b2a0       _png_set_pHYs              0041c2a0 f   pngset.obj
 0001:0001b2e0       _png_set_PLTE              0041c2e0 f   pngset.obj
 0001:0001b370       _png_set_sBIT              0041c370 f   pngset.obj
 0001:0001b3a0       _png_set_sRGB              0041c3a0 f   pngset.obj
 0001:0001b3d0       _png_set_sRGB_gAMA_and_cHRM 0041c3d0 f   pngset.obj
 0001:0001b4c0       _png_set_iCCP              0041c4c0 f   pngset.obj
 0001:0001b5c0       _png_set_text              0041c5c0 f   pngset.obj
 0001:0001b5f0       _png_set_text_2@16         0041c5f0 f   pngset.obj
 0001:0001b870       _png_set_tIME              0041c870 f   pngset.obj
 0001:0001b8b0       _png_set_tRNS              0041c8b0 f   pngset.obj
 0001:0001b960       _png_set_sPLT              0041c960 f   pngset.obj
 0001:0001bad0       _png_set_unknown_chunks    0041cad0 f   pngset.obj
 0001:0001bc30       _png_set_unknown_chunk_location 0041cc30 f   pngset.obj
 0001:0001bc70       _png_permit_empty_plte     0041cc70 f   pngset.obj
 0001:0001bca0       _png_permit_mng_features   0041cca0 f   pngset.obj
 0001:0001bcd0       _png_set_keep_unknown_chunks 0041ccd0 f   pngset.obj
 0001:0001bde0       _png_set_read_user_chunk_fn 0041cde0 f   pngset.obj
 0001:0001be00       _png_set_rows              0041ce00 f   pngset.obj
 0001:0001be50       _png_set_compression_buffer_size 0041ce50 f   pngset.obj
 0001:0001beb0       _png_set_invalid           0041ceb0 f   pngset.obj
 0001:0001bed0       _png_set_asm_flags         0041ced0 f   pngset.obj
 0001:0001bf20       _png_set_mmx_thresholds    0041cf20 f   pngset.obj
 0001:0001bf40       _png_set_user_limits       0041cf40 f   pngset.obj
 0001:0001bf60       _png_set_bgr               0041cf60 f   pngtrans.obj
 0001:0001bf70       _png_set_swap              0041cf70 f   pngtrans.obj
 0001:0001bf90       _png_set_packing           0041cf90 f   pngtrans.obj
 0001:0001bfb0       _png_set_packswap          0041cfb0 f   pngtrans.obj
 0001:0001bfd0       _png_set_shift             0041cfd0 f   pngtrans.obj
 0001:0001bff0       _png_set_interlace_handling 0041cff0 f   pngtrans.obj
 0001:0001c010       _png_set_filler            0041d010 f   pngtrans.obj
 0001:0001c070       _png_set_add_alpha         0041d070 f   pngtrans.obj
 0001:0001c0a0       _png_set_swap_alpha        0041d0a0 f   pngtrans.obj
 0001:0001c0b0       _png_set_invert_alpha      0041d0b0 f   pngtrans.obj
 0001:0001c0c0       _png_set_invert_mono       0041d0c0 f   pngtrans.obj
 0001:0001c0d0       _png_do_invert@8           0041d0d0 f   pngtrans.obj
 0001:0001c150       _png_do_swap@8             0041d150 f   pngtrans.obj
 0001:0001c1a0       _png_do_packswap@8         0041d1a0 f   pngtrans.obj
 0001:0001c200       _png_do_strip_filler@12    0041d200 f   pngtrans.obj
 0001:0001c490       _png_do_bgr@8              0041d490 f   pngtrans.obj
 0001:0001c5a0       _png_set_user_transform_info 0041d5a0 f   pngtrans.obj
 0001:0001c5c0       _png_get_user_transform_ptr 0041d5c0 f   pngtrans.obj
 0001:0001c5d0       _png_write_data@12         0041d5d0 f   pngwio.obj
 0001:0001c610       _png_default_write_data    0041d610 f   pngwio.obj
 0001:0001c650       _png_flush@4               0041d650 f   pngwio.obj
 0001:0001c670       _png_default_flush         0041d670 f   pngwio.obj
 0001:0001c690       _png_set_write_fn          0041d690 f   pngwio.obj
 0001:0001c700       _png_write_info_before_PLTE 0041d700 f   pngwrite.obj
 0001:0001c8c0       _png_write_info            0041d8c0 f   pngwrite.obj
 0001:0001cb90       _png_write_end             0041db90 f   pngwrite.obj
 0001:0001cd00       _png_convert_from_struct_tm 0041dd00 f   pngwrite.obj
 0001:0001cd40       _png_convert_from_time_t   0041dd40 f   pngwrite.obj
 0001:0001cd60       _png_create_write_struct   0041dd60 f   pngwrite.obj
 0001:0001cd90       _png_create_write_struct_2 0041dd90 f   pngwrite.obj
 0001:0001cf50       _png_write_init            0041df50 f   pngwrite.obj
 0001:0001cf70       _png_write_init_2          0041df70 f   pngwrite.obj
 0001:0001d060       _png_write_init_3          0041e060 f   pngwrite.obj
 0001:0001d180       _png_write_rows            0041e180 f   pngwrite.obj
 0001:0001d1b0       _png_write_image           0041e1b0 f   pngwrite.obj
 0001:0001d210       _png_write_row             0041e210 f   pngwrite.obj
 0001:0001d480       _png_set_flush             0041e480 f   pngwrite.obj
 0001:0001d4a0       _png_write_flush           0041e4a0 f   pngwrite.obj
 0001:0001d590       _png_destroy_write_struct  0041e590 f   pngwrite.obj
 0001:0001d650       _png_write_destroy@4       0041e650 f   pngwrite.obj
 0001:0001d790       _png_set_filter            0041e790 f   pngwrite.obj
 0001:0001d970       _png_set_filter_heuristics 0041e970 f   pngwrite.obj
 0001:0001dbb0       _png_set_compression_level 0041ebb0 f   pngwrite.obj
 0001:0001dbd0       _png_set_compression_mem_level 0041ebd0 f   pngwrite.obj
 0001:0001dbf0       _png_set_compression_strategy 0041ebf0 f   pngwrite.obj
 0001:0001dc10       _png_set_compression_window_bits 0041ec10 f   pngwrite.obj
 0001:0001dc70       _png_set_compression_method 0041ec70 f   pngwrite.obj
 0001:0001dca0       _png_set_write_status_fn   0041eca0 f   pngwrite.obj
 0001:0001dcb0       _png_set_write_user_transform_fn 0041ecb0 f   pngwrite.obj
 0001:0001dcd0       _png_write_png             0041ecd0 f   pngwrite.obj
 0001:0001ddb0       _png_do_write_transformations@4 0041edb0 f   pngwtran.obj
 0001:0001df00       _png_do_pack@12            0041ef00 f   pngwtran.obj
 0001:0001e0d0       _png_do_shift@12           0041f0d0 f   pngwtran.obj
 0001:0001e360       _png_do_write_swap_alpha@8 0041f360 f   pngwtran.obj
 0001:0001e4a0       _png_do_write_invert_alpha@8 0041f4a0 f   pngwtran.obj
 0001:0001e640       _png_do_write_intrapixel@8 0041f640 f   pngwtran.obj
 0001:0001e770       _png_save_uint_32@8        0041f770 f   pngwutil.obj
 0001:0001e7a0       _png_save_int_32@8         0041f7a0 f   pngwutil.obj
 0001:0001e7e0       _png_save_uint_16@8        0041f7e0 f   pngwutil.obj
 0001:0001e800       _png_write_chunk           0041f800 f   pngwutil.obj
 0001:0001e840       _png_write_chunk_start     0041f840 f   pngwutil.obj
 0001:0001e890       _png_write_chunk_data      0041f890 f   pngwutil.obj
 0001:0001e8c0       _png_write_chunk_end       0041f8c0 f   pngwutil.obj
 0001:0001e8f0       _png_write_sig@4           0041f8f0 f   pngwutil.obj
 0001:0001ed00       _png_write_IHDR@32         0041fd00 f   pngwutil.obj
 0001:0001f070       _png_write_PLTE@12         00420070 f   pngwutil.obj
 0001:0001f150       _png_write_IDAT@12         00420150 f   pngwutil.obj
 0001:0001f2b0       _png_write_IEND@4          004202b0 f   pngwutil.obj
 0001:0001f2e0       _png_write_gAMA@12         004202e0 f   pngwutil.obj
 0001:0001f330       _png_write_gAMA_fixed@8    00420330 f   pngwutil.obj
 0001:0001f370       _png_write_sRGB@8          00420370 f   pngwutil.obj
 0001:0001f3c0       _png_write_iCCP@20         004203c0 f   pngwutil.obj
 0001:0001f490       _png_write_sPLT@8          00420490 f   pngwutil.obj
 0001:0001f5f0       _png_write_sBIT@12         004205f0 f   pngwutil.obj
 0001:0001f6f0       _png_write_cHRM@68         004206f0 f   pngwutil.obj
 0001:0001f9d0       _png_write_cHRM_fixed@36   004209d0 f   pngwutil.obj
 0001:0001fb50       _png_write_tRNS@20         00420b50 f   pngwutil.obj
 0001:0001fc90       _png_write_bKGD@12         00420c90 f   pngwutil.obj
 0001:0001fdc0       _png_write_hIST@12         00420dc0 f   pngwutil.obj
 0001:0001fe40       _png_check_keyword@12      00420e40 f   pngwutil.obj
 0001:00020010       _png_write_tEXt@16         00421010 f   pngwutil.obj
 0001:000200c0       _png_write_zTXt@20         004210c0 f   pngwutil.obj
 0001:000201c0       _png_write_oFFs@16         004211c0 f   pngwutil.obj
 0001:00020220       _png_write_pCAL@32         00421220 f   pngwutil.obj
 0001:00020390       _png_write_sCAL@24         00421390 f   pngwutil.obj
 0001:00020460       _png_write_pHYs@16         00421460 f   pngwutil.obj
 0001:000204c0       _png_write_tIME@8          004214c0 f   pngwutil.obj
 0001:00020550       _png_write_start_row@4     00421550 f   pngwutil.obj
 0001:00020740       _png_write_finish_row@4    00421740 f   pngwutil.obj
 0001:00020960       _png_do_write_interlace@12 00421960 f   pngwutil.obj
 0001:00020c30       _png_write_find_filter@8   00421c30 f   pngwutil.obj
 0001:00022060       _png_write_filtered_row@8  00423060 f   pngwutil.obj
 0001:00022140       _adler32@12                00423140 f   adler32.obj
 0001:00022430       _adler32_combine@12        00423430 f   adler32.obj
 0001:000224f0       _compress2@20              004234f0 f   compress.obj
 0001:000225a0       _compress@16               004235a0 f   compress.obj
 0001:000225c0       _compressBound@4           004235c0 f   compress.obj
 0001:000225e0       _get_crc_table@0           004235e0 f   crc32.obj
 0001:000225f0       _crc32@12                  004235f0 f   crc32.obj
 0001:00022d20       _crc32_combine@12          00423d20 f   crc32.obj
 0001:00022df0       _deflateInit_@16           00423df0 f   deflate.obj
 0001:00022e20       _deflateInit2_@32          00423e20 f   deflate.obj
 0001:00023070       _deflateSetDictionary@12   00424070 f   deflate.obj
 0001:000231a0       _deflateReset@4            004241a0 f   deflate.obj
 0001:00023260       _deflateSetHeader@8        00424260 f   deflate.obj
 0001:000232a0       _deflatePrime@12           004242a0 f   deflate.obj
 0001:000232f0       _deflateParams@12          004242f0 f   deflate.obj
 0001:000233f0       _deflateTune@20            004243f0 f   deflate.obj
 0001:00023440       _deflateBound@8            00424440 f   deflate.obj
 0001:00023540       _deflate@8                 00424540 f   deflate.obj
 0001:00023e50       _deflateEnd@4              00424e50 f   deflate.obj
 0001:00023f30       _deflateCopy@8             00424f30 f   deflate.obj
 0001:00025280       _gzopen@8                  00426280 f   gzio.obj
 0001:000252a0       _gzdopen@8                 004262a0 f   gzio.obj
 0001:000252e0       _gzsetparams@12            004262e0 f   gzio.obj
 0001:00025600       _gzread@12                 00426600 f   gzio.obj
 0001:00025870       _gzgetc@4                  00426870 f   gzio.obj
 0001:000258a0       _gzungetc@8                004268a0 f   gzio.obj
 0001:00025900       _gzgets@12                 00426900 f   gzio.obj
 0001:00025960       _gzwrite@12                00426960 f   gzio.obj
 0001:00025a20       _gzprintf                  00426a20 f   gzio.obj
 0001:00025a80       _gzputc@8                  00426a80 f   gzio.obj
 0001:00025ac0       _gzputs@8                  00426ac0 f   gzio.obj
 0001:00025be0       _gzflush@8                 00426be0 f   gzio.obj
 0001:00025c20       _gzseek@12                 00426c20 f   gzio.obj
 0001:00025dd0       _gzrewind@4                00426dd0 f   gzio.obj
 0001:00025e50       _gztell@4                  00426e50 f   gzio.obj
 0001:00025e70       _gzeof@4                   00426e70 f   gzio.obj
 0001:00025eb0       _gzdirect@4                00426eb0 f   gzio.obj
 0001:00025f50       _gzclose@4                 00426f50 f   gzio.obj
 0001:00025fb0       _gzerror@8                 00426fb0 f   gzio.obj
 0001:000260a0       _gzclearerr@4              004270a0 f   gzio.obj
 0001:000260d0       _inflateBackInit_@20       004270d0 f   infback.obj
 0001:000261c0       _inflateBack@20            004271c0 f   infback.obj
 0001:00026f30       _inflateBackEnd@4          00427f30 f   infback.obj
 0001:00026f70       _inflate_fast@8            00427f70 f   inffast.obj
 0001:00027450       _inflateReset@4            00428450 f   inflate.obj
 0001:000274f0       _inflatePrime@12           004284f0 f   inflate.obj
 0001:00027550       _inflateInit2_@16          00428550 f   inflate.obj
 0001:00027630       _inflateInit_@12           00428630 f   inflate.obj
 0001:000277a0       _inflate@8                 004287a0 f   inflate.obj
 0001:00028ce0       _inflateEnd@4              00429ce0 f   inflate.obj
 0001:00028d30       _inflateSetDictionary@12   00429d30 f   inflate.obj
 0001:00028e10       _inflateGetHeader@8        00429e10 f   inflate.obj
 0001:00028eb0       _inflateSync@4             00429eb0 f   inflate.obj
 0001:00028fa0       _inflateSyncPoint@4        00429fa0 f   inflate.obj
 0001:00028fe0       _inflateCopy@8             00429fe0 f   inflate.obj
 0001:00029180       _inflate_table@24          0042a180 f   inftrees.obj
 0001:000297a0       __tr_init@4                0042a7a0 f   trees.obj
 0001:0002ab50       __tr_stored_block@16       0042bb50 f   trees.obj
 0001:0002ac30       __tr_align@4               0042bc30 f   trees.obj
 0001:0002af60       __tr_flush_block@16        0042bf60 f   trees.obj
 0001:0002b1e0       __tr_tally@12              0042c1e0 f   trees.obj
 0001:0002bab0       _uncompress@16             0042cab0 f   uncompr.obj
 0001:0002bb70       _zlibVersion@0             0042cb70 f   zutil.obj
 0001:0002bb80       _zlibCompileFlags@0        0042cb80 f   zutil.obj
 0001:0002bb90       _zError@4                  0042cb90 f   zutil.obj
 0001:0002bbb0       _zcalloc@12                0042cbb0 f   zutil.obj
 0001:0002bbd0       _zcfree@8                  0042cbd0 f   zutil.obj
 0001:0002bbf0       _DrawMenuChild@8           0042cbf0 f   draw.obj
 0001:0002c180       _DrawMenuRoot@8            0042d180 f   draw.obj
 0001:0002c630       _DrawMenuSeparator@8       0042d630 f   draw.obj
 0001:0002c9f0       _dummy@4                   0042d9f0 f   draw.obj
 0001:0002ca00       _CopyStgMedium@8           0042da00     urlmon:urlmon.dll
 0001:0002cc60       __sheap_alloc              0042dc60 f   crt:malloc.obj
 0001:0002cf60       _malloc                    0042df60 f   crt:malloc.obj
 0001:0002cfa0       _wcscmp                    0042dfa0 f   crt:wcscmp.obj
 0001:0002cfd0       _wcschr                    0042dfd0 f   crt:wcschr.obj
 0001:0002cff0       _floor                     0042dff0 f   crt:floor.obj
 0001:0002d030       _ceil                      0042e030 f   crt:ceil.obj
 0001:0002d070       ___ftoll                   0042e070 f   crt:_ftoll.obj
 0001:0002d0a0       _gmtime                    0042e0a0 f   crt:gmtime.obj
 0001:0002d0c0       _mktime                    0042e0c0 f   crt:mktime.obj
 0001:0002d1c0       _localtime                 0042e1c0 f   crt:localtime.obj
 0001:0002d1e0       ___assert                  0042e1e0 f   crt:_assert.obj
 0001:0002d310       _memcmp                    0042e310 f   crt:memcmp.obj
 0001:0002d700       __sheap_free               0042e700 f   crt:free.obj
 0001:0002da20       _free                      0042ea20 f   crt:free.obj
 0001:0002da60       ___chkstk                  0042ea60 f   crt:_chkstk.obj
 0001:0002dab0       _calloc                    0042eab0 f   crt:calloc.obj
 0001:0002db20       _memcpy                    0042eb20 f   crt:memcpy.obj
 0001:0002ddf0       _fopen                     0042edf0 f   crt:fopen.obj
 0001:0002de40       ___init_closeall           0042ee40 f   crt:fclose.obj
 0001:0002de60       _fclose                    0042ee60 f   crt:fclose.obj
 0001:0002df50       __setjmp3                  0042ef50 f   crt:setjmp.obj
 0001:0002e010       _fread                     0042f010 f   crt:fread.obj
 0001:0002e110       _fabs                      0042f110 f   crt:fabs.obj
 0001:0002e180       _sprintf                   0042f180 f   crt:sprintf.obj
 0001:0002e1b0       _strncpy                   0042f1b0 f   crt:strncpy.obj
 0001:0002e220       _fprintf                   0042f220 f   crt:fprintf.obj
 0001:0002e240       _longjmp                   0042f240 f   crt:longjmp.obj
 0001:0002e390       _memset                    0042f390 f   crt:memset.obj
 0001:0002e4a0       _abort                     0042f4a0 f   crt:abort.obj
 0001:0002e4c0       _pow                       0042f4c0 f   crt:pow.obj
 0001:0002ea00       ___stod                    0042fa00 f   crt:_stod.obj
 0001:0002eb60       _fwrite                    0042fb60 f   crt:fwrite.obj
 0001:0002ec90       _fflush                    0042fc90 f   crt:fflush.obj
 0001:0002ece0       __fdopen                   0042fce0 f   crt:fdopen.obj
 0001:0002ed10       _ftell                     0042fd10 f   crt:ftell.obj
 0001:0002ed20       _ferror                    0042fd20 f   crt:ferror.obj
 0001:0002ed30       _fseek                     0042fd30 f   crt:fseek.obj
 0001:0002ed60       _fputc                     0042fd60 f   crt:fputc.obj
 0001:0002ede0       _strerror                  0042fde0 f   crt:strerror.obj
 0001:0002edf0       _strcat                    0042fdf0 f   crt:strcat.obj
 0001:0002ee20       _clearerr                  0042fe20 f   crt:clearerr.obj
 0001:0002ee30       _WinMainCRTStartup         0042fe30 f   crt:_wincrt0.obj
 0001:0002ef50       ___getmem                  0042ff50 f   crt:_getmem.obj
 0001:0002eff0       ___bheapinit               0042fff0 f   crt:_bigheap.obj
 0001:0002f020       ___bheapterm               00430020 f   crt:_bigheap.obj
 0001:0002f040       __bheap_alloc              00430040 f   crt:_bigheap.obj
 0001:0002f060       __bheap_realloc            00430060 f   crt:_bigheap.obj
 0001:0002f080       __bheap_free               00430080 f   crt:_bigheap.obj
 0001:0002f0a0       __bheap_size               004300a0 f   crt:_bigheap.obj
 0001:0002f0c0       __bheap_validate           004300c0 f   crt:_bigheap.obj
 0001:0002f0e0       ___fpint                   004300e0 f   crt:_fpint.obj
 0001:0002f220       ___extradays               00430220 f   crt:_ttotm.obj
 0001:0002f280       ___ttotm                   00430280 f   crt:_ttotm.obj
 0001:0002f3d0       ___tzoff                   004303d0 f   crt:_tzoff.obj
 0001:0002f490       ___gui_assert              00430490 f   crt:__assert.obj
 0001:0002f540       _fputs                     00430540 f   crt:fputs.obj
 0001:0002f630       ___fflush                  00430630 f   crt:_fflush.obj
 0001:0002f700       _raise                     00430700 f   crt:raise.obj
 0001:0002f800       _exit                      00430800 f   crt:exit.obj
 0001:0002f8a0       _snprintf                  004308a0 f   crt:snprintf.obj
 0001:0002f930       _vsnprintf                 00430930 f   crt:vsnprintf.obj
 0001:0002f9e0       _swprintf                  004309e0 f   crt:swprintf.obj
 0001:0002fa20       ___features                00430a20 f   crt:features.obj
 0001:0002fa90       ___fslot                   00430a90 f   crt:_fslot.obj
 0001:0002fb10       ___fopen                   00430b10 f   crt:_fopen.obj
 0001:0002fc50       __Atexit                   00430c50 f   crt:_atexit.obj
 0001:0002fc80       __close                    00430c80 f   crt:close.obj
 0001:0002fd40       _remove                    00430d40 f   crt:remove.obj
 0001:0002fd50       __global_unwind2           00430d50 f   crt:seh1.obj
 0001:0002fd80       __unwind_handler           00430d80 f   crt:seh1.obj
 0001:0002fdb0       __local_unwind2            00430db0 f   crt:seh1.obj
 0001:0002fe1b       __NLG_Return2              00430e1b     crt:seh1.obj
 0001:0002fe30       __abnormal_termination     00430e30 f   crt:seh1.obj
 0001:0002fe70       __NLG_Notify1              00430e70     crt:seh1.obj
 0001:0002fe79       __NLG_Notify               00430e79     crt:seh1.obj
 0001:0002fe99       __NLG_Dispatch             00430e99     crt:seh1.obj
 0001:0002fea0       ___fread                   00430ea0 f   crt:_fread.obj
 0001:0002ffd0       ___fptest                  00430fd0 f   crt:_fptest.obj
 0001:00030040       ___printf                  00431040 f   crt:_printf.obj
 0001:000302c8       __except_handler3          004312c8 f   crt:seh2.obj
 0001:000303e0       __seh_longjmp_unwind@4     004313e0 f   crt:seh2.obj
 0001:00030410       ___fpunscale               00431410 f   crt:_fpunscale.obj
 0001:000304b0       __matherr                  004314b0 f   crt:_matherr.obj
 0001:000304c0       ___feraise                 004314c0 f   crt:_feraise.obj
 0001:00030500       ___log                     00431500 f   crt:_log.obj
 0001:000306f0       ___exp                     004316f0 f   crt:_exp.obj
 0001:00030840       ___stopfx                  00431840 f   crt:_stopfx.obj
 0001:000309a0       ___stoflt                  004319a0 f   crt:_stoflt.obj
 0001:00030c20       ___fppow10                 00431c20 f   crt:_fppow10.obj
 0001:00030db0       ___stoxflt                 00431db0 f   crt:_stoxflt.obj
 0001:00031040       ___fpscale                 00432040 f   crt:_fpscale.obj
 0001:00031220       ___fwrite                  00432220 f   crt:_fwrite.obj
 0001:00031310       _memchr                    00432310 f   crt:memchr.obj
 0001:000313f0       __Nnl                      004323f0 f   crt:_fgetpos.obj
 0001:00031430       ___fgetpos                 00432430 f   crt:_fgetpos.obj
 0001:00031560       ___fsetpos                 00432560 f   crt:_fsetpos.obj
 0001:00031700       ___strerror                00432700 f   crt:_strerror.obj
 0001:00031940       __Exit                     00432940 f   crt:_exit.obj
 0001:00031950       ___clockinit               00432950 f   crt:clock.obj
 0001:00031960       _clock                     00432960 f   crt:clock.obj
 0001:000319a0       ___ioinit                  004329a0 f   crt:_ioinit.obj
 0001:00031bc0       ___ioterm                  00432bc0 f   crt:_ioinit.obj
 0001:00031d80       ___setargv                 00432d80 f   crt:_setargv.obj
 0001:00031e20       ___setenvp                 00432e20 f   crt:_setenvp.obj
 0001:00031ee0       ___wincmdln                00432ee0 f   crt:_wincmdln.obj
 0001:00031f20       ___xcptfilter              00432f20 f   crt:_xcptfilter.obj
 0001:00031f90       ___isdst                   00432f90 f   crt:_isdst.obj
 0001:000321f0       ___getzone                 004331f0 f   crt:_getzone.obj
 0001:00032260       ___gettime                 00433260 f   crt:_gettime.obj
 0001:000322e0       _strtol                    004332e0 f   crt:strtol.obj
 0001:000323b0       ___new_osfhnd              004333b0 f   crt:_osfinfo.obj
 0001:00032470       ___free_osfhnd             00433470 f   crt:_osfinfo.obj
 0001:00032510       ___set_osfhnd              00433510 f   crt:_osfinfo.obj
 0001:000325a0       ___get_osfhnd              004335a0 f   crt:_osfinfo.obj
 0001:000325c0       __get_osfhandle            004335c0 f   crt:_osfinfo.obj
 0001:00032610       __open_osfhandle           00433610 f   crt:_osfinfo.obj
 0001:000326c0       _strrchr                   004336c0 f   crt:strrchr.obj
 0001:000326e0       __write                    004336e0 f   crt:write.obj
 0001:000329d0       _signal                    004339d0 f   crt:signal.obj
 0001:00032a30       _wmemcpy                   00433a30 f   crt:wmemcpy.obj
 0001:00032a60       ___wprintf                 00433a60 f   crt:_wprintf.obj
 0001:00032cd0       ____fopen                  00433cd0 f   crt:__fopen.obj
 0001:00032d80       ___maposerr                00433d80 f   crt:_maperr.obj
 0001:00032f20       __unlink                   00433f20 f   crt:unlink.obj
 0001:00032f50       __read                     00433f50 f   crt:read.obj
 0001:00033260       ___mbtowc                  00434260 f   crt:_mbtowc.obj
 0001:00033530       _strchr                    00434530 f   crt:strchr.obj
 0001:00033620       ___putfield                00434620 f   crt:_putfield.obj
 0001:00033d90       ___puttxt                  00434d90 f   crt:_puttxt.obj
 0001:00034000       ___fpnorm                  00435000 f   crt:_fpnorm.obj
 0001:00034110       _feraiseexcept             00435110 f   crt:feraiseexcept.obj
 0001:000341a0       _localeconv                004351a0 f   crt:localeconv.obj
 0001:000341b0       __lseek64                  004351b0 f   crt:lseek64.obj
 0001:00034280       ___set_default_crt_heap_size 00435280 f   crt:_dflheap.obj
 0001:00034290       ___ulldiv                  00435290 f   crt:_ulldiv.obj
 0001:00034350       ___getdst                  00435350 f   crt:_getdst.obj
 0001:000344c0       _getenv                    004354c0 f   crt:getenv.obj
 0001:000345d0       ___tzone                   004355d0 f   crt:_tzone.obj
 0001:000346f0       ___stoul                   004356f0 f   crt:_stoul.obj
 0001:00034870       __lseek                    00435870 f   crt:lseek.obj
 0001:00034910       ___cp_to_cp                00435910 f   crt:_cp2cp.obj
 0001:000349c0       _wcscspn                   004359c0 f   crt:wcscspn.obj
 0001:00034a00       ___iswctype                00435a00 f   crt:_iswctype.obj
 0001:00034a50       ___wputfield               00435a50 f   crt:_wputfield.obj
 0001:00035250       ___wputtxt                 00436250 f   crt:_wputtxt.obj
 0001:000354c0       __open                     004364c0 f   crt:open.obj
 0001:000354f0       __sopen                    004364f0 f   crt:open.obj
 0001:00035880       ____mbtowc                 00436880 f   crt:__mbtowc.obj
 0001:000358d0       ___putstr                  004368d0 f   crt:_putstr.obj
 0001:00035a70       ___litob                   00436a70 f   crt:_litob.obj
 0001:00035c70       ___fptestl                 00436c70 f   crt:_fptestl.obj
 0001:00035c80       ___ldtob                   00436c80 f   crt:_ldtob.obj
 0001:000361d0       _ignore_handler_s          004371d0 f   crt:constraint_handler_s.obj
 0001:000361e0       _set_constraint_handler_s  004371e0 f   crt:constraint_handler_s.obj
 0001:00036200       __crt_constraint           00437200 f   crt:constraint_handler_s.obj
 0001:00036220       __strnicmp                 00437220 f   crt:strnicmp.obj
 0001:00036280       ___btowc                   00437280 f   crt:_btowc.obj
 0001:000362e0       ___wlitob                  004372e0 f   crt:_wlitob.obj
 0001:000364f0       ___wldtob                  004374f0 f   crt:_wldtob.obj
 0001:00036ad0       _wmemchr                   00437ad0 f   crt:wmemchr.obj
 0001:00036b00       ___wputstr                 00437b00 f   crt:_wputstr.obj
 0001:00036c90       __chsize                   00437c90 f   crt:chsize.obj
 0001:00036e00       ___wctomb                  00437e00 f   crt:_wctomb.obj
 0001:00037070       ___ullmod                  00438070 f   crt:_ullmod.obj
 0001:000370f0       ___lldiv                   004380f0 f   crt:_lldiv.obj
 0001:000371a0       ___llmul                   004381a0 f   crt:_llmul.obj
 0001:000371e0       ___fpunscalel              004381e0 f   crt:_fpunscalel.obj
 0001:00037200       ___fpscalel                00438200 f   crt:_fpscalel.obj
 0001:00037220       _ldiv                      00438220 f   crt:ldiv.obj
 0001:00037260       ___genld                   00438260 f   crt:_genld.obj
 0001:00037620       ___wgenld                  00438620 f   crt:_wgenld.obj
 0001:00037a50       __setmode                  00438a50 f   crt:setmode.obj
 0001:00037b20       ____wctomb                 00438b20 f   crt:__wctomb.obj
 0001:00037b80       _div                       00438b80 f   crt:div.obj
 0001:00037bc0       _RtlUnwind@16              00438bc0     kernel32:KERNEL32.dll
 0002:00009204       ___xi_a                    00442204     crt:_initex.obj
 0002:00009204       ___xi_z                    00442204     crt:_initex.obj
 0002:00009204       ___xt_a                    00442204     crt:_initex.obj
 0002:00009204       ___xt_z                    00442204     crt:_initex.obj
 0003:00000000       _my_program                00443000     main_menu.obj
 0003:000000a4       _test_menu                 004430a4     main_menu.obj
 0003:000000a8       __WndPropName_OldProc      004430a8     main_menu.obj
 0003:000000ba       __WndPropName_MenuXP       004430ba     main_menu.obj
 0003:00000164       _dropTargetVtbl            00443164     IDropTarget.obj
 0003:00000180       _DropTarget                00443180     IDropTarget.obj
 0003:00000184       _dataObjectVtbl            00443184     IDataObject.obj
 0003:000001b4       _DataObject                004431b4     IDataObject.obj
 0003:000001b8       _dropSourceVtbl            004431b8     IDropSource.obj
 0003:000001cc       _DropSource                004431cc     IDropSource.obj
 0003:000001d0       _ienumFORMATETCVtbl        004431d0     IEnumFORMATETC.obj
 0003:000001ec       _EnumFORMATETC             004431ec     IEnumFORMATETC.obj
 0003:000001f0       _flagSelected              004431f0     manage_menu.obj
 0003:000001f4       _gBttnDet                  004431f4     manage_menu.obj
 0003:00000248       _cip                       00443248     manage_menu.obj
 0003:00000270       _png_libpng_ver            00443270     png.obj
 0003:00000282       _png_sig                   00443282     png.obj
 0003:0000028a       _png_IHDR                  0044328a     png.obj
 0003:0000028f       _png_IDAT                  0044328f     png.obj
 0003:00000294       _png_IEND                  00443294     png.obj
 0003:00000299       _png_PLTE                  00443299     png.obj
 0003:0000029e       _png_bKGD                  0044329e     png.obj
 0003:000002a3       _png_cHRM                  004432a3     png.obj
 0003:000002a8       _png_gAMA                  004432a8     png.obj
 0003:000002ad       _png_hIST                  004432ad     png.obj
 0003:000002b2       _png_iCCP                  004432b2     png.obj
 0003:000002b7       _png_iTXt                  004432b7     png.obj
 0003:000002bc       _png_oFFs                  004432bc     png.obj
 0003:000002c1       _png_pCAL                  004432c1     png.obj
 0003:000002c6       _png_sCAL                  004432c6     png.obj
 0003:000002cb       _png_pHYs                  004432cb     png.obj
 0003:000002d0       _png_sBIT                  004432d0     png.obj
 0003:000002d5       _png_sPLT                  004432d5     png.obj
 0003:000002da       _png_sRGB                  004432da     png.obj
 0003:000002df       _png_tEXt                  004432df     png.obj
 0003:000002e4       _png_tIME                  004432e4     png.obj
 0003:000002e9       _png_tRNS                  004432e9     png.obj
 0003:000002ee       _png_zTXt                  004432ee     png.obj
 0003:000002f4       _png_pass_start            004432f4     png.obj
 0003:00000310       _png_pass_inc              00443310     png.obj
 0003:0000032c       _png_pass_ystart           0044332c     png.obj
 0003:00000348       _png_pass_yinc             00443348     png.obj
 0003:00000364       _png_pass_mask             00443364     png.obj
 0003:00000380       _png_pass_dsp_mask         00443380     png.obj
 0003:000006dc       _deflate_copyright         004436dc     deflate.obj
 0003:00000714       _inflate_copyright         00443714     inftrees.obj
 0003:00000744       __dist_code                00443744     trees.obj
 0003:00000944       __length_code              00443944     trees.obj
 0003:00000a80       _z_errmsg                  00443a80     zutil.obj
 0003:00000aa8       _IID_IXMLDOMDocument       00443aa8     uuid:iid_ixmldomdocument.obj
 0003:00000ab8       _CLSID_DOMDocument         00443ab8     uuid:clsid_domdocument.obj
 0003:00000ac8       _IID_IClassFactory         00443ac8     uuid:iid_iclassfactory.obj
 0003:00000ad8       _IID_IPersistFile          00443ad8     uuid:iid_ipersistfile.obj
 0003:00000ae8       _IID_IDispatch             00443ae8     uuid:iid_idispatch.obj
 0003:00000af8       _GUID_NULL                 00443af8     uuid:guid_null.obj
 0003:00000b08       _IID_IEnumVARIANT          00443b08     uuid:iid_ienumvariant.obj
 0003:00000b18       _IID_IDropTargetHelper     00443b18     uuid:iid_idroptargethelper.obj
 0003:00000b28       _CLSID_DragDropHelper      00443b28     uuid:clsid_dragdrophelper.obj
 0003:00000b38       _IID_IUnknown              00443b38     uuid:iid_iunknown.obj
 0003:00000b48       _IID_IDropTarget           00443b48     uuid:iid_idroptarget.obj
 0003:00000b58       _IID_IDataObject           00443b58     uuid:iid_idataobject.obj
 0003:00000b68       _IID_IDropSource           00443b68     uuid:iid_idropsource.obj
 0003:00000b78       _IID_IEnumFORMATETC        00443b78     uuid:iid_ienumformatetc.obj
 0003:00000b88       ___malloc_rovers           00443b88     crt:malloc.obj
 0003:00000bac       ___malloc_hiword           00443bac     crt:malloc.obj
 0003:00000bb0       ___malloc_loword           00443bb0     crt:malloc.obj
 0003:00000bb4       ___malloc_mem              00443bb4     crt:malloc.obj
 0003:00000bb8       ___malloc_binmax           00443bb8     crt:malloc.obj
 0003:00000bd8       ___malloc_firstbin         00443bd8     crt:malloc.obj
 0003:00000bdc       ___malloc_lastbin          00443bdc     crt:malloc.obj
 0003:00000c34       ___stdin                   00443c34     crt:_files.obj
 0003:00000c84       ___stdout                  00443c84     crt:_files.obj
 0003:00000cd4       ___stderr                  00443cd4     crt:_files.obj
 0003:00000d24       ___filetab                 00443d24     crt:_files.obj
 0003:00001124       _errno                     00444124     crt:errno.obj
 0003:00001128       ___argc                    00444128     crt:_crt0dat.obj
 0003:0000112c       ___argv                    0044412c     crt:_crt0dat.obj
 0003:00001130       ___wargv                   00444130     crt:_crt0dat.obj
 0003:00001134       ___envp                    00444134     crt:_crt0dat.obj
 0003:00001138       ___wenvp                   00444138     crt:_crt0dat.obj
 0003:0000113c       ___crtheap                 0044413c     crt:_crt0dat.obj
 0003:00001140       ___crtheapsize             00444140     crt:_crt0dat.obj
 0003:00001144       ___bheap_threshold         00444144     crt:_crt0dat.obj
 0003:00001148       ___sigtab                  00444148     crt:_crt0dat.obj
 0003:00001224       __Atfuns                   00444224     crt:exit.obj
 0003:00001364       __Atcount                  00444364     crt:exit.obj
 0003:00001368       __Atcount0                 00444368     crt:exit.obj
 0003:0000136c       ___feature_mask            0044436c     crt:features.obj
 0003:00001370       __NLG_Destination          00444370     crt:seh1.obj
 0003:00001380       ___inf                     00444380     crt:_values.obj
 0003:00001388       ___nan                     00444388     crt:_values.obj
 0003:00001390       ___eps                     00444390     crt:_values.obj
 0003:00001398       ___rteps                   00444398     crt:_values.obj
 0003:000013a0       ___xbig                    004443a0     crt:_values.obj
 0003:000013a8       ___zero                    004443a8     crt:_values.obj
 0003:000013bc       ___c_times                 004443bc     crt:_tinfo.obj
 0003:00001410       ___times                   00444410     crt:_tinfo.obj
 0003:00001480       ___ctypetab                00444480     crt:_ctypetab.obj
 0003:00001484       ___locale                  00444484     crt:localeconv.obj
 0003:000014bc       ___mbcurmax                004444bc     crt:_state.obj
 0003:000014c0       ___collatetab              004444c0     crt:_state.obj
 0003:00001500       ___wcollatetab             00444500     crt:_state.obj
 0003:00001540       ___mbtowctab               00444540     crt:_state.obj
 0003:00001580       ___wctombtab               00444580     crt:_state.obj
 0003:000015c0       ___charcp                  004445c0     crt:_state.obj
 0003:000015c4       ___lcid                    004445c4     crt:_state.obj
 0003:000015cc       ___tolowertab              004445cc     crt:_tolowertab.obj
 0003:000015d0       ___wctypetab               004445d0     crt:_wctypetab.obj
 0003:00001b18       __IMPORT_DESCRIPTOR_KERNEL32 00444b18     kernel32:KERNEL32.dll
 0003:00001b2c       __IMPORT_DESCRIPTOR_USER32 00444b2c     user32:USER32.dll
 0003:00001b40       __IMPORT_DESCRIPTOR_GDI32  00444b40     gdi32:GDI32.dll
 0003:00001b54       __IMPORT_DESCRIPTOR_ole32  00444b54     ole32:ole32.dll
 0003:00001b68       __IMPORT_DESCRIPTOR_OLEAUT32 00444b68     oleaut32:OLEAUT32.dll
 0003:00001b7c       __IMPORT_DESCRIPTOR_SHELL32 00444b7c     shell32:SHELL32.dll
 0003:00001b90       __IMPORT_DESCRIPTOR_FreeImage 00444b90     FreeImage:FreeImage.dll
 0003:00001ba4       __IMPORT_DESCRIPTOR_urlmon 00444ba4     urlmon:urlmon.dll
 0003:00001bb8       __IMPORT_DESCRIPTOR_MSIMG32 00444bb8     msimg32:MSIMG32.dll
 0003:00001bcc       __NULL_IMPORT_DESCRIPTOR   00444bcc     kernel32:KERNEL32.dll
 0003:00001f64       __imp__GetModuleHandleA@4  00444f64     kernel32:KERNEL32.dll
 0003:00001f68       __imp__GetModuleFileNameA@12 00444f68     kernel32:KERNEL32.dll
 0003:00001f6c       __imp__FindResourceA@12    00444f6c     kernel32:KERNEL32.dll
 0003:00001f70       __imp__LoadResource@8      00444f70     kernel32:KERNEL32.dll
 0003:00001f74       __imp__LockResource@4      00444f74     kernel32:KERNEL32.dll
 0003:00001f78       __imp__MulDiv@12           00444f78     kernel32:KERNEL32.dll
 0003:00001f7c       __imp__lstrlenA@4          00444f7c     kernel32:KERNEL32.dll
 0003:00001f80       __imp__LoadLibraryA@4      00444f80     kernel32:KERNEL32.dll
 0003:00001f84       __imp__GetProcAddress@8    00444f84     kernel32:KERNEL32.dll
 0003:00001f88       __imp__FreeLibrary@4       00444f88     kernel32:KERNEL32.dll
 0003:00001f8c       __imp__GetCurrentThreadId@0 00444f8c     kernel32:KERNEL32.dll
 0003:00001f90       __imp__WideCharToMultiByte@32 00444f90     kernel32:KERNEL32.dll
 0003:00001f94       __imp__GetLastError@0      00444f94     kernel32:KERNEL32.dll
 0003:00001f98       __imp__CreateFileA@28      00444f98     kernel32:KERNEL32.dll
 0003:00001f9c       __imp__ReadFile@20         00444f9c     kernel32:KERNEL32.dll
 0003:00001fa0       __imp__CloseHandle@4       00444fa0     kernel32:KERNEL32.dll
 0003:00001fa4       __imp__FileTimeToSystemTime@8 00444fa4     kernel32:KERNEL32.dll
 0003:00001fa8       __imp__SystemTimeToFileTime@8 00444fa8     kernel32:KERNEL32.dll
 0003:00001fac       __imp__MultiByteToWideChar@24 00444fac     kernel32:KERNEL32.dll
 0003:00001fb0       __imp__InterlockedIncrement@4 00444fb0     kernel32:KERNEL32.dll
 0003:00001fb4       __imp__TlsAlloc@0          00444fb4     kernel32:KERNEL32.dll
 0003:00001fb8       __imp__Sleep@4             00444fb8     kernel32:KERNEL32.dll
 0003:00001fbc       __imp__TlsGetValue@4       00444fbc     kernel32:KERNEL32.dll
 0003:00001fc0       __imp__TlsSetValue@8       00444fc0     kernel32:KERNEL32.dll
 0003:00001fc4       __imp__GetProcessHeap@0    00444fc4     kernel32:KERNEL32.dll
 0003:00001fc8       __imp__HeapAlloc@12        00444fc8     kernel32:KERNEL32.dll
 0003:00001fcc       __imp__IsBadCodePtr@4      00444fcc     kernel32:KERNEL32.dll
 0003:00001fd0       __imp__FormatMessageA@28   00444fd0     kernel32:KERNEL32.dll
 0003:00001fd4       __imp__HeapFree@12         00444fd4     kernel32:KERNEL32.dll
 0003:00001fd8       __imp__GetVersionExA@4     00444fd8     kernel32:KERNEL32.dll
 0003:00001fdc       __imp__lstrcpyA@8          00444fdc     kernel32:KERNEL32.dll
 0003:00001fe0       __imp__GetStartupInfoA@4   00444fe0     kernel32:KERNEL32.dll
 0003:00001fe4       __imp__VirtualAlloc@16     00444fe4     kernel32:KERNEL32.dll
 0003:00001fe8       __imp__VirtualQuery@12     00444fe8     kernel32:KERNEL32.dll
 0003:00001fec       __imp__HeapCreate@12       00444fec     kernel32:KERNEL32.dll
 0003:00001ff0       __imp__HeapDestroy@4       00444ff0     kernel32:KERNEL32.dll
 0003:00001ff4       __imp__HeapReAlloc@16      00444ff4     kernel32:KERNEL32.dll
 0003:00001ff8       __imp__HeapSize@12         00444ff8     kernel32:KERNEL32.dll
 0003:00001ffc       __imp__HeapValidate@12     00444ffc     kernel32:KERNEL32.dll
 0003:00002000       __imp__RtlUnwind@16        00445000     kernel32:KERNEL32.dll
 0003:00002004       __imp__ExitProcess@4       00445004     kernel32:KERNEL32.dll
 0003:00002008       __imp__GetSystemTimeAsFileTime@4 00445008     kernel32:KERNEL32.dll
 0003:0000200c       __imp__GetFileType@4       0044500c     kernel32:KERNEL32.dll
 0003:00002010       __imp__GetStdHandle@4      00445010     kernel32:KERNEL32.dll
 0003:00002014       __imp__GetCurrentProcess@0 00445014     kernel32:KERNEL32.dll
 0003:00002018       __imp__DuplicateHandle@28  00445018     kernel32:KERNEL32.dll
 0003:0000201c       __imp__SetHandleCount@4    0044501c     kernel32:KERNEL32.dll
 0003:00002020       __imp__GetCommandLineA@0   00445020     kernel32:KERNEL32.dll
 0003:00002024       __imp__GetEnvironmentStrings@0 00445024     kernel32:KERNEL32.dll
 0003:00002028       __imp__FreeEnvironmentStringsA@4 00445028     kernel32:KERNEL32.dll
 0003:0000202c       __imp__UnhandledExceptionFilter@4 0044502c     kernel32:KERNEL32.dll
 0003:00002030       __imp__SetStdHandle@8      00445030     kernel32:KERNEL32.dll
 0003:00002034       __imp__GetConsoleMode@8    00445034     kernel32:KERNEL32.dll
 0003:00002038       __imp__GetConsoleOutputCP@0 00445038     kernel32:KERNEL32.dll
 0003:0000203c       __imp__WriteFile@20        0044503c     kernel32:KERNEL32.dll
 0003:00002040       __imp__SetConsoleCtrlHandler@8 00445040     kernel32:KERNEL32.dll
 0003:00002044       __imp__DeleteFileA@4       00445044     kernel32:KERNEL32.dll
 0003:00002048       __imp__GetConsoleCP@0      00445048     kernel32:KERNEL32.dll
 0003:0000204c       __imp__SetFilePointer@16   0044504c     kernel32:KERNEL32.dll
 0003:00002050       __imp__GetTimeZoneInformation@4 00445050     kernel32:KERNEL32.dll
 0003:00002054       __imp__SetEndOfFile@4      00445054     kernel32:KERNEL32.dll
 0003:00002058       KERNEL32_NULL_THUNK_DATA  00445058     kernel32:KERNEL32.dll
 0003:0000205c       __imp__MessageBoxA@16      0044505c     user32:USER32.dll
 0003:00002060       __imp__LoadCursorA@8       00445060     user32:USER32.dll
 0003:00002064       __imp__LoadIconA@8         00445064     user32:USER32.dll
 0003:00002068       __imp__LoadImageA@24       00445068     user32:USER32.dll
 0003:0000206c       __imp__RegisterClassA@4    0044506c     user32:USER32.dll
 0003:00002070       __imp__CreateWindowExA@48  00445070     user32:USER32.dll
 0003:00002074       __imp__PostMessageA@16     00445074     user32:USER32.dll
 0003:00002078       __imp__SystemParametersInfoA@16 00445078     user32:USER32.dll
 0003:0000207c       __imp__ClientToScreen@8    0044507c     user32:USER32.dll
 0003:00002080       __imp__GetWindowRect@8     00445080     user32:USER32.dll
 0003:00002084       __imp__TrackPopupMenu@28   00445084     user32:USER32.dll
 0003:00002088       __imp__GetSystemMetrics@4  00445088     user32:USER32.dll
 0003:0000208c       __imp__SetWindowPos@28     0044508c     user32:USER32.dll
 0003:00002090       __imp__ReleaseCapture@0    00445090     user32:USER32.dll
 0003:00002094       __imp__SendMessageA@16     00445094     user32:USER32.dll
 0003:00002098       __imp__BeginPaint@8        00445098     user32:USER32.dll
 0003:0000209c       __imp__ReleaseDC@8         0044509c     user32:USER32.dll
 0003:000020a0       __imp__EndPaint@8          004450a0     user32:USER32.dll
 0003:000020a4       __imp__SetMenuInfo@8       004450a4     user32:USER32.dll
 0003:000020a8       __imp__GetDC@4             004450a8     user32:USER32.dll
 0003:000020ac       __imp__PostQuitMessage@4   004450ac     user32:USER32.dll
 0003:000020b0       __imp__DefWindowProcA@16   004450b0     user32:USER32.dll
 0003:000020b4       __imp__LoadAcceleratorsA@8 004450b4     user32:USER32.dll
 0003:000020b8       __imp__ShowWindow@8        004450b8     user32:USER32.dll
 0003:000020bc       __imp__TranslateAcceleratorA@12 004450bc     user32:USER32.dll
 0003:000020c0       __imp__TranslateMessage@4  004450c0     user32:USER32.dll
 0003:000020c4       __imp__DispatchMessageA@4  004450c4     user32:USER32.dll
 0003:000020c8       __imp__GetMessageA@16      004450c8     user32:USER32.dll
 0003:000020cc       __imp__SetWindowLongA@12   004450cc     user32:USER32.dll
 0003:000020d0       __imp__CallWindowProcA@20  004450d0     user32:USER32.dll
 0003:000020d4       __imp__GetWindowLongA@8    004450d4     user32:USER32.dll
 0003:000020d8       __imp__GetDlgItem@8        004450d8     user32:USER32.dll
 0003:000020dc       __imp__GetClientRect@8     004450dc     user32:USER32.dll
 0003:000020e0       __imp__CreatePopupMenu@0   004450e0     user32:USER32.dll
 0003:000020e4       __imp__AppendMenuA@16      004450e4     user32:USER32.dll
 0003:000020e8       __imp__GetMenuItemInfoA@16 004450e8     user32:USER32.dll
 0003:000020ec       __imp__GetForegroundWindow@0 004450ec     user32:USER32.dll
 0003:000020f0       __imp__GetClassNameA@12    004450f0     user32:USER32.dll
 0003:000020f4       __imp__SetLayeredWindowAttributes@16 004450f4     user32:USER32.dll
 0003:000020f8       __imp__GetPropA@8          004450f8     user32:USER32.dll
 0003:000020fc       __imp__SetPropA@12         004450fc     user32:USER32.dll
 0003:00002100       __imp__RemovePropA@8       00445100     user32:USER32.dll
 0003:00002104       __imp__CallNextHookEx@16   00445104     user32:USER32.dll
 0003:00002108       __imp__GetWindowDC@4       00445108     user32:USER32.dll
 0003:0000210c       __imp__FrameRect@12        0044510c     user32:USER32.dll
 0003:00002110       __imp__InflateRect@12      00445110     user32:USER32.dll
 0003:00002114       __imp__FillRect@12         00445114     user32:USER32.dll
 0003:00002118       __imp__SetWindowsHookExA@16 00445118     user32:USER32.dll
 0003:0000211c       __imp__UnhookWindowsHookEx@4 0044511c     user32:USER32.dll
 0003:00002120       __imp__GetMenuItemCount@4  00445120     user32:USER32.dll
 0003:00002124       __imp__GetMenuItemID@8     00445124     user32:USER32.dll
 0003:00002128       __imp__GetSubMenu@8        00445128     user32:USER32.dll
 0003:0000212c       __imp__RegisterClipboardFormatA@4 0044512c     user32:USER32.dll
 0003:00002130       __imp__wsprintfA           00445130     user32:USER32.dll
 0003:00002134       __imp__MessageBoxW@16      00445134     user32:USER32.dll
 0003:00002138       __imp__AppendMenuW@16      00445138     user32:USER32.dll
 0003:0000213c       __imp__CopyRect@8          0044513c     user32:USER32.dll
 0003:00002140       __imp__DrawTextA@20        00445140     user32:USER32.dll
 0003:00002144       __imp__UpdateLayeredWindow@36 00445144     user32:USER32.dll
 0003:00002148       __imp__MessageBeep@4       00445148     user32:USER32.dll
 0003:0000214c       __imp__SetCursor@4         0044514c     user32:USER32.dll
 0003:00002150       __imp__RegisterClassExA@4  00445150     user32:USER32.dll
 0003:00002154       __imp__UpdateWindow@4      00445154     user32:USER32.dll
 0003:00002158       __imp__LoadBitmapA@8       00445158     user32:USER32.dll
 0003:0000215c       __imp__SendDlgItemMessageA@20 0044515c     user32:USER32.dll
 0003:00002160       __imp__SetRect@20          00445160     user32:USER32.dll
 0003:00002164       __imp__DestroyWindow@4     00445164     user32:USER32.dll
 0003:00002168       __imp__EnumPropsExA@12     00445168     user32:USER32.dll
 0003:0000216c       __imp__GetClassInfoExA@12  0044516c     user32:USER32.dll
 0003:00002170       __imp__GetDesktopWindow@0  00445170     user32:USER32.dll
 0003:00002174       __imp__CreateIconIndirect@4 00445174     user32:USER32.dll
 0003:00002178       __imp__DrawIconEx@36       00445178     user32:USER32.dll
 0003:0000217c       __imp__GetIconInfo@8       0044517c     user32:USER32.dll
 0003:00002180       __imp__DestroyIcon@4       00445180     user32:USER32.dll
 0003:00002184       __imp__DrawFrameControl@16 00445184     user32:USER32.dll
 0003:00002188       USER32_NULL_THUNK_DATA    00445188     user32:USER32.dll
 0003:0000218c       __imp__GetObjectA@12       0044518c     gdi32:GDI32.dll
 0003:00002190       __imp__CreateSolidBrush@4  00445190     gdi32:GDI32.dll
 0003:00002194       __imp__CreateCompatibleDC@4 00445194     gdi32:GDI32.dll
 0003:00002198       __imp__SelectObject@8      00445198     gdi32:GDI32.dll
 0003:0000219c       __imp__BitBlt@36           0044519c     gdi32:GDI32.dll
 0003:000021a0       __imp__DeleteDC@4          004451a0     gdi32:GDI32.dll
 0003:000021a4       __imp__SetBkMode@8         004451a4     gdi32:GDI32.dll
 0003:000021a8       __imp__DeleteObject@4      004451a8     gdi32:GDI32.dll
 0003:000021ac       __imp__GetTextMetricsA@8   004451ac     gdi32:GDI32.dll
 0003:000021b0       __imp__GetDeviceCaps@8     004451b0     gdi32:GDI32.dll
 0003:000021b4       __imp__GetTextExtentPoint32A@16 004451b4     gdi32:GDI32.dll
 0003:000021b8       __imp__CreateCompatibleBitmap@12 004451b8     gdi32:GDI32.dll
 0003:000021bc       __imp__GetClipBox@8        004451bc     gdi32:GDI32.dll
 0003:000021c0       __imp__CreatePen@12        004451c0     gdi32:GDI32.dll
 0003:000021c4       __imp__MoveToEx@16         004451c4     gdi32:GDI32.dll
 0003:000021c8       __imp__LineTo@12           004451c8     gdi32:GDI32.dll
 0003:000021cc       __imp__SetTextColor@8      004451cc     gdi32:GDI32.dll
 0003:000021d0       __imp__TextOutA@20         004451d0     gdi32:GDI32.dll
 0003:000021d4       __imp__CreateDIBitmap@24   004451d4     gdi32:GDI32.dll
 0003:000021d8       __imp__RoundRect@28        004451d8     gdi32:GDI32.dll
 0003:000021dc       __imp__SetBitmapBits@12    004451dc     gdi32:GDI32.dll
 0003:000021e0       __imp__Ellipse@20          004451e0     gdi32:GDI32.dll
 0003:000021e4       __imp__GetStockObject@4    004451e4     gdi32:GDI32.dll
 0003:000021e8       __imp__CreateDIBSection@24 004451e8     gdi32:GDI32.dll
 0003:000021ec       __imp__GetPixel@12         004451ec     gdi32:GDI32.dll
 0003:000021f0       __imp__SetPixel@16         004451f0     gdi32:GDI32.dll
 0003:000021f4       __imp__GetDIBits@28        004451f4     gdi32:GDI32.dll
 0003:000021f8       __imp__SetDIBits@28        004451f8     gdi32:GDI32.dll
 0003:000021fc       __imp__CreateBitmap@20     004451fc     gdi32:GDI32.dll
 0003:00002200       __imp__SetBkColor@8        00445200     gdi32:GDI32.dll
 0003:00002204       __imp__DPtoLP@12           00445204     gdi32:GDI32.dll
 0003:00002208       __imp__GetMapMode@4        00445208     gdi32:GDI32.dll
 0003:0000220c       __imp__SetMapMode@8        0044520c     gdi32:GDI32.dll
 0003:00002210       __imp__CreateFontIndirectA@4 00445210     gdi32:GDI32.dll
 0003:00002214       __imp__Rectangle@20        00445214     gdi32:GDI32.dll
 0003:00002218       __imp__GetBitmapBits@12    00445218     gdi32:GDI32.dll
 0003:0000221c       __imp__ExcludeClipRect@20  0044521c     gdi32:GDI32.dll
 0003:00002220       GDI32_NULL_THUNK_DATA     00445220     gdi32:GDI32.dll
 0003:00002224       __imp__OleInitialize@4     00445224     ole32:ole32.dll
 0003:00002228       __imp__OleUninitialize@0   00445228     ole32:ole32.dll
 0003:0000222c       __imp__DoDragDrop@16       0044522c     ole32:ole32.dll
 0003:00002230       __imp__CoInitialize@4      00445230     ole32:ole32.dll
 0003:00002234       __imp__CoCreateInstance@20 00445234     ole32:ole32.dll
 0003:00002238       __imp__CoTaskMemFree@4     00445238     ole32:ole32.dll
 0003:0000223c       __imp__CLSIDFromString@8   0044523c     ole32:ole32.dll
 0003:00002240       __imp__CLSIDFromProgID@8   00445240     ole32:ole32.dll
 0003:00002244       __imp__CoGetClassObject@20 00445244     ole32:ole32.dll
 0003:00002248       __imp__CoGetObject@16      00445248     ole32:ole32.dll
 0003:0000224c       __imp__CoUninitialize@0    0044524c     ole32:ole32.dll
 0003:00002250       __imp__ReleaseStgMedium@4  00445250     ole32:ole32.dll
 0003:00002254       __imp__CoTaskMemAlloc@4    00445254     ole32:ole32.dll
 0003:00002258       ole32_NULL_THUNK_DATA     00445258     ole32:ole32.dll
 0003:0000225c       __imp__SysFreeString@4     0044525c     oleaut32:OLEAUT32.dll
 0003:00002260       __imp__VariantInit@4       00445260     oleaut32:OLEAUT32.dll
 0003:00002264       __imp__SysAllocString@4    00445264     oleaut32:OLEAUT32.dll
 0003:00002268       __imp__VariantClear@4      00445268     oleaut32:OLEAUT32.dll
 0003:0000226c       __imp__SysAllocStringByteLen@8 0044526c     oleaut32:OLEAUT32.dll
 0003:00002270       __imp__GetActiveObject@12  00445270     oleaut32:OLEAUT32.dll
 0003:00002274       __imp__VariantChangeType@16 00445274     oleaut32:OLEAUT32.dll
 0003:00002278       __imp__SysAllocStringLen@8 00445278     oleaut32:OLEAUT32.dll
 0003:0000227c       __imp__SysStringLen@4      0044527c     oleaut32:OLEAUT32.dll
 0003:00002280       OLEAUT32_NULL_THUNK_DATA  00445280     oleaut32:OLEAUT32.dll
 0003:00002284       __imp__ShellExecuteA@24    00445284     shell32:SHELL32.dll
 0003:00002288       __imp__DragQueryFileA@16   00445288     shell32:SHELL32.dll
 0003:0000228c       __imp__SHGetFileInfoA@20   0044528c     shell32:SHELL32.dll
 0003:00002290       SHELL32_NULL_THUNK_DATA   00445290     shell32:SHELL32.dll
 0003:00002294       __imp__FreeImage_Initialise@4 00445294     FreeImage:FreeImage.dll
 0003:00002298       __imp__FreeImage_GetFileType@8 00445298     FreeImage:FreeImage.dll
 0003:0000229c       __imp__FreeImage_Load@12   0044529c     FreeImage:FreeImage.dll
 0003:000022a0       __imp__FreeImage_GetWidth@4 004452a0     FreeImage:FreeImage.dll
 0003:000022a4       __imp__FreeImage_GetHeight@4 004452a4     FreeImage:FreeImage.dll
 0003:000022a8       __imp__FreeImage_Unload@4  004452a8     FreeImage:FreeImage.dll
 0003:000022ac       __imp__FreeImage_PreMultiplyWithAlpha@4 004452ac     FreeImage:FreeImage.dll
 0003:000022b0       __imp__FreeImage_GetInfoHeader@4 004452b0     FreeImage:FreeImage.dll
 0003:000022b4       __imp__FreeImage_GetBits@4 004452b4     FreeImage:FreeImage.dll
 0003:000022b8       __imp__FreeImage_GetInfo@4 004452b8     FreeImage:FreeImage.dll
 0003:000022bc       __imp__FreeImage_HasBackgroundColor@4 004452bc     FreeImage:FreeImage.dll
 0003:000022c0       __imp__FreeImage_IsTransparent@4 004452c0     FreeImage:FreeImage.dll
 0003:000022c4       __imp__FreeImage_Allocate@24 004452c4     FreeImage:FreeImage.dll
 0003:000022c8       __imp__FreeImage_GetColorsUsed@4 004452c8     FreeImage:FreeImage.dll
 0003:000022cc       __imp__FreeImage_Composite@16 004452cc     FreeImage:FreeImage.dll
 0003:000022d0       FreeImage_NULL_THUNK_DATA 004452d0     FreeImage:FreeImage.dll
 0003:000022d4       __imp__CopyStgMedium@8     004452d4     urlmon:urlmon.dll
 0003:000022d8       urlmon_NULL_THUNK_DATA    004452d8     urlmon:urlmon.dll
 0003:000022dc       __imp__AlphaBlend@44       004452dc     msimg32:MSIMG32.dll
 0003:000022e0       __imp__TransparentBlt@44   004452e0     msimg32:MSIMG32.dll
 0003:000022e4       MSIMG32_NULL_THUNK_DATA   004452e4     msimg32:MSIMG32.dll
 0003:000031e0       _damm_handle               004461e0     <common>
 0003:000031e4       _mnu_hwnd                  004461e4     <common>
 0003:000031e8       _old_menu_proc             004461e8     <common>
 0003:000031ec       __hHook                    004461ec     <common>
 0003:000031f0       _g_BmpHeight               004461f0     <common>
 0003:000031f4       _g_BmpWidth                004461f4     <common>
 0003:000031f8       _MainBitmap                004461f8     <common>
 0003:000031fc       _lpBits                    004461fc     <common>
 0003:00003200       _lpBitmap                  00446200     <common>
 0003:00003204       _opti_ht                   00446204     <common>
 0003:00003208       _opti_dw                   00446208     <common>
 0003:0000320c       _opti_up                   0044620c     <common>
 0003:00003210       _plus_ht                   00446210     <common>
 0003:00003214       _plus_dw                   00446214     <common>
 0003:00003218       _plus_up                   00446218     <common>
 0003:0000321c       _g_hBmpHot                 0044621c     <common>
 0003:00003220       _g_hBmpDown                00446220     <common>
 0003:00003224       _g_hBmpUp                  00446224     <common>
 0003:00003228       _main_menu_theme           00446228     <common>
 0003:00003270       _buttons_proc              00446270     <common>
 0003:00003298       _main_menu                 00446298     <common>
 0003:0000329c       _plus_button               0044629c     <common>
 0003:000032a0       _opti_button               004462a0     <common>
 0003:000032a4       _menu_objects              004462a4     <common>
 0003:000032a8       _menu_button               004462a8     <common>
 0003:000032ac       _main_window               004462ac     <common>
 0003:000032b0       _hwndMain                  004462b0     <common>
 0003:000032b4       _hInst                     004462b4     <common>
 0003:000032b8       _first_menu_data           004462b8     <common>
 0003:000032bc       _primary_menu_data         004462bc     <common>
 0003:000032c0       _btnOldProc                004462c0     <common>
 0003:000032c4       _xmlTreeDoc                004462c4     <common>
 0003:000032c8       _dh_g_bIsUnicodeMode       004462c8     <common>
 0003:000032cc       __fltused                  004462cc     <common>
 0003:000032d0       _hEdit                     004462d0     <common>
 0003:000032d4       _Dragging                  004462d4     <common>
 0003:000032d8       _Pos                       004462d8     <common>
 0003:000032dc       _hitTarget                 004462dc     <common>
 0003:000032e0       _tvht                      004462e0     <common>
 0003:000032f0       _hTree                     004462f0     <common>
 0003:000032f4       _hBitMap                   004462f4     <common>
 0003:000032f8       _hImageList                004462f8     <common>
 0003:000032fc       _Root                      004462fc     <common>
 0003:00003300       _Before                    00446300     <common>
 0003:00003304       _Parent                    00446304     <common>
 0003:00003308       _tvinsert                  00446308     <common>
 0003:00003348       _Selected                  00446348     <common>
 0003:0000334c       _tvi                       0044634c     <common>
 0003:00003374       _m_hMemDC                  00446374     <common>
 0003:00003378       _m_hMemBitmap              00446378     <common>
 0003:0000337c       _m_hOldMemBitmap           0044637c     <common>
 0003:00003380       _m_hGlowDC                 00446380     <common>
 0003:00003384       _m_hGlowBitmap             00446384     <common>
 0003:00003388       _m_hOldGlowBitmap          00446388     <common>
 0003:0000338c       _m_hShadowDC               0044638c     <common>
 0003:00003390       _m_hShadowBitmap           00446390     <common>
 0003:00003394       _m_hOldShadowBitmap        00446394     <common>
 0003:00003398       _m_hBgDC                   00446398     <common>
 0003:0000339c       _m_hBgBitmap               0044639c     <common>
 0003:000033a0       _m_hOldBgBitmap            004463a0     <common>
 0003:000033a4       _m_bgra                    004463a4     <common>
 0003:000033a8       _m_height                  004463a8     <common>
 0003:000033ac       _m_width                   004463ac     <common>
 0003:000033b0       _m_good                    004463b0     <common>
 0003:000033b4       ___iolim                   004463b4     <common>
 0003:000033b8       ___iotab                   004463b8     <common>

 entry point at        0001:0002ee30

 Static symbols

 0001:00000040       _InitApplication@0         00401040 f   main_menu.obj
 0001:000010a0       _CreateAndAppendNode@16    004020a0 f   main_menu.obj
 0001:00001130       _LoadXML@8                 00402130 f   main_menu.obj
 0001:000011f0       _get_menu_formWID@8        004021f0 f   main_menu.obj
 0001:000012d0       __GetMenu@8                004022d0 f   main_menu.obj
 0001:00001300       _redim_items@8             00402300 f   main_menu.obj
 0001:000013b0       _append_menuItem@20        004023b0 f   main_menu.obj
 0001:00001420       _parse_XML@8               00402420 f   main_menu.obj
 0001:000024b0       _FindMenuFromID@8          004034b0 f   main_menu.obj
 0001:00002cb0       _buildMenu@8               00403cb0 f   main_menu.obj
 0001:000048e0       _TraverseSubObjects@12     004058e0 f   disphelper.obj
 0001:000049c0       _InternalInvokeV@24        004059c0 f   disphelper.obj
 0001:00004ac0       _CreateArgumentArray@20    00405ac0 f   disphelper.obj
 0001:00004bd0       _ExtractArgument@16        00405bd0 f   disphelper.obj
 0001:000056d0       _hlprStringCchCopyW@12     004066d0 f   disphelper.obj
 0001:00005730       _InitializeTlsIndexes@0    00406730 f   disphelper.obj
 0001:0000c2e0       _png_format_buffer@12      0040d2e0 f   pngerror.obj
 0001:0000c420       _png_default_error@8       0040d420 f   pngerror.obj
 0001:0000c4c0       _png_default_warning@8     0040d4c0 f   pngerror.obj
 0001:0001e940       _png_text_compress@20      0041f940 f   pngwutil.obj
 0001:0001ec40       _png_write_compressed_data_out@8 0041fc40 f   pngwutil.obj
 0001:00022640       _crc32_little@12           00423640 f   crc32.obj
 0001:00022950       _crc32_big@12              00423950 f   crc32.obj
 0001:00022cc0       _gf2_matrix_times@8        00423cc0 f   crc32.obj
 0001:00022cf0       _gf2_matrix_square@8       00423cf0 f   crc32.obj
 0001:00023490       _putShortMSB@8             00424490 f   deflate.obj
 0001:000234d0       _flush_pending@4           004244d0 f   deflate.obj
 0001:00024100       _read_buf@12               00425100 f   deflate.obj
 0001:00024180       _lm_init@4                 00425180 f   deflate.obj
 0001:00024240       _longest_match@8           00425240 f   deflate.obj
 0001:00024460       _longest_match_fast@8      00425460 f   deflate.obj
 0001:00024590       _fill_window@4             00425590 f   deflate.obj
 0001:000246b0       _deflate_stored@8          004256b0 f   deflate.obj
 0001:00024820       _deflate_fast@8            00425820 f   deflate.obj
 0001:00024b70       _deflate_slow@8            00425b70 f   deflate.obj
 0001:00024fa0       _gz_open@12                00425fa0 f   gzio.obj
 0001:00025350       _get_byte@4                00426350 f   gzio.obj
 0001:000253d0       _check_header@4            004263d0 f   gzio.obj
 0001:00025550       _destroy@4                 00426550 f   gzio.obj
 0001:00025af0       _do_flush@8                00426af0 f   gzio.obj
 0001:00025ed0       _putLong@8                 00426ed0 f   gzio.obj
 0001:00025f00       _getLong@4                 00426f00 f   gzio.obj
 0001:00026190       _fixedtables@4             00427190 f   infback.obj
 0001:00027650       _fixedtables@4             00428650 f   inflate.obj
 0001:00027680       _updatewindow@8            00428680 f   inflate.obj
 0001:00028e50       _syncsearch@12             00429e50 f   inflate.obj
 0001:00029790       _tr_static_init@0          0042a790 f   trees.obj
 0001:00029820       _init_block@4              0042a820 f   trees.obj
 0001:000298a0       _pqdownheap@12             0042a8a0 f   trees.obj
 0001:00029990       _gen_bitlen@8              0042a990 f   trees.obj
 0001:00029bd0       _gen_codes@12              0042abd0 f   trees.obj
 0001:00029c50       _build_tree@8              0042ac50 f   trees.obj
 0001:00029ee0       _scan_tree@12              0042aee0 f   trees.obj
 0001:0002a010       _send_tree@12              0042b010 f   trees.obj
 0001:0002a790       _build_bl_tree@4           0042b790 f   trees.obj
 0001:0002a800       _send_all_trees@16         0042b800 f   trees.obj
 0001:0002b290       _compress_block@12         0042c290 f   trees.obj
 0001:0002b860       _set_data_type@4           0042c860 f   trees.obj
 0001:0002b8b0       _bi_reverse@8              0042c8b0 f   trees.obj
 0001:0002b8e0       _bi_flush@4                0042c8e0 f   trees.obj
 0001:0002b970       _bi_windup@4               0042c970 f   trees.obj
 0001:0002b9f0       _copy_block@16             0042c9f0 f   trees.obj
 0001:0002c860       __drawMenuArrow@12         0042d860 f   draw.obj
 0001:0002ca10       _grabhunk                  0042da10 f   crt:malloc.obj
 0001:0002de20       _closeall                  0042ee20 f   crt:fclose.obj
 0001:0002e160       _prout                     0042f160 f   crt:sprintf.obj
 0001:0002e1f0       _prout                     0042f1f0 f   crt:fprintf.obj
 0001:0002f860       _prout                     00430860 f   crt:snprintf.obj
 0001:0002f8f0       _prout                     004308f0 f   crt:vsnprintf.obj
 0001:0002f990       _prout                     00430990 f   crt:swprintf.obj
 0001:00030be0       _dmul                      00431be0 f   crt:_fppow10.obj
 0001:00031bf0       _parse_cmdline             00432bf0 f   crt:_setargv.obj
 0001:00032100       _reformat                  00433100 f   crt:_getzone.obj
 0001:00032990       _ctrlevent_capture@4       00433990 f   crt:signal.obj
 0001:00034300       _getint                    00435300 f   crt:_getdst.obj
 0001:00034520       _dst_date                  00435520 f   crt:_tzone.obj
