 mmenu.exe

 Timestamp is 55dbd86f (Mon Aug 24 23:52:31 2015)

 Preferred load address is 00400000

 Start         Length     Name                   Class
 0001:00000000 00011a8dH .text                   CODE
 0002:00000000 00002870H .rdata                  DATA
 0003:00000000 00000afcH .data                   DATA
 0003:00000afc 000000b4H .idata$2                DATA
 0003:00000bb0 00000014H .idata$3                DATA
 0003:00000bc4 00000358H .idata$4                DATA
 0003:00000f1c 00000358H .idata$5                DATA
 0003:00001274 00000ddcH .idata$6                DATA
 0003:00002050 000006b0H .bss                    DATA
 0004:00000000 00016eb8H .rsrc                   DATA

  Address         Publics by Value              Rva+Base     Lib:Object

 0000:00000000       __except_list              00000000     <absolute>
 0001:00000000       _dhCreateObjectEx@20       00401000 f   disphelper.obj
 0001:000000d0       _dhGetObjectEx@24          004010d0 f   disphelper.obj
 0001:00000220       _dhCreateObject@12         00401220 f   disphelper.obj
 0001:000002a0       _dhGetObject@12            004012a0 f   disphelper.obj
 0001:000002f0       _dhCallMethod              004012f0 f   disphelper.obj
 0001:00000340       _dhPutValue                00401340 f   disphelper.obj
 0001:00000390       _dhPutRef                  00401390 f   disphelper.obj
 0001:000003e0       _dhGetValue                004013e0 f   disphelper.obj
 0001:00000440       _dhInvoke                  00401440 f   disphelper.obj
 0001:000004a0       _dhInvokeArray@24          004014a0 f   disphelper.obj
 0001:000005d0       _dhCallMethodV@12          004015d0 f   disphelper.obj
 0001:00000610       _dhPutValueV@12            00401610 f   disphelper.obj
 0001:00000650       _dhPutRefV@12              00401650 f   disphelper.obj
 0001:00000690       _dhGetValueV@20            00401690 f   disphelper.obj
 0001:00000950       _dhInvokeV@24              00401950 f   disphelper.obj
 0001:00000fb0       _dhEnumBeginV@16           00401fb0 f   disphelper.obj
 0001:00001110       _dhEnumNextVariant@8       00402110 f   disphelper.obj
 0001:00001180       _dhEnumNextObject@8        00402180 f   disphelper.obj
 0001:00001220       _dhEnumBegin               00402220 f   disphelper.obj
 0001:00001270       _ConvertFileTimeToVariantTime@8 00402270 f   disphelper.obj
 0001:00001320       _ConvertVariantTimeToFileTime@12 00402320 f   disphelper.obj
 0001:000013c0       _ConvertVariantTimeToSystemTime@12 004023c0 f   disphelper.obj
 0001:00001430       _ConvertSystemTimeToVariantTime@8 00402430 f   disphelper.obj
 0001:00001490       _ConvertVariantTimeToTimeT@12 00402490 f   disphelper.obj
 0001:00001510       _ConvertTimeTToVariantTime@8 00402510 f   disphelper.obj
 0001:000015d0       _ConvertAnsiStrToBStr@8    004025d0 f   disphelper.obj
 0001:000016a0       _ConvertBStrToAnsiStr@8    004026a0 f   disphelper.obj
 0001:00001830       _dhEnter@0                 00402830 f   disphelper.obj
 0001:00001860       _dhExitEx@28               00402860 f   disphelper.obj
 0001:00001a40       _dhShowException@4         00402a40 f   disphelper.obj
 0001:00001a90       _dhFormatExceptionW@16     00402a90 f   disphelper.obj
 0001:00001dc0       _dhFormatExceptionA@16     00402dc0 f   disphelper.obj
 0001:00001e40       _dhGetLastException@4      00402e40 f   disphelper.obj
 0001:00001e80       _dhToggleExceptions@4      00402e80 f   disphelper.obj
 0001:00001ea0       _dhSetExceptionOptions@4   00402ea0 f   disphelper.obj
 0001:00001ee0       _dhGetExceptionOptions@4   00402ee0 f   disphelper.obj
 0001:00001f20       _dhCleanupThreadException@0 00402f20 f   disphelper.obj
 0001:00001f90       _dhInitializeImp@8         00402f90 f   disphelper.obj
 0001:00001fc0       _dhUninitialize@4          00402fc0 f   disphelper.obj
 0001:00001fe0       _DrawMenuChild@8           00402fe0 f   draw.obj
 0001:000024d0       _DrawMenuRoot@8            004034d0 f   draw.obj
 0001:000028a0       _DrawMenuSeparator@8       004038a0 f   draw.obj
 0001:00002c20       _drawIconToBitmap@16       00403c20 f   graphic.obj
 0001:00002db0       _CreateBitmapMask@8        00403db0 f   graphic.obj
 0001:00002eb0       _DrawTransparentBitmap@20  00403eb0 f   graphic.obj
 0001:00003150       _compositeImage@8          00404150 f   graphic.obj
 0001:00003300       _gradientFill@28           00404300 f   graphic.obj
 0001:00003490       _skinedBox@20              00404490 f   graphic.obj
 0001:000035f0       _InterpolateLinear@20      004045f0 f   graphic.obj
 0001:00003710       _wallpaper@12              00404710 f   graphic.obj
 0001:00003820       _getBGRA                   00404820 f   graphic.obj
 0001:00003830       _blurBitmap@12             00404830 f   graphic.obj
 0001:00003ba0       _CreateAngledFont@16       00404ba0 f   graphic.obj
 0001:00003c10       _DataObject_CDataObject@0  00404c10 f   IDataObject.obj
 0001:00003c70       _DataObject_QueryInterface@12 00404c70 f   IDataObject.obj
 0001:00003ce0       _DataObject_AddRef@4       00404ce0 f   IDataObject.obj
 0001:00003d00       _DataObject_Release@4      00404d00 f   IDataObject.obj
 0001:00003d30       _DataObject_GetData@12     00404d30 f   IDataObject.obj
 0001:00003df0       _DataObject_GetDataHere@12 00404df0 f   IDataObject.obj
 0001:00003e00       _DataObject_QueryGetData@8 00404e00 f   IDataObject.obj
 0001:00003e80       _DataObject_GetCanonicalFormatEtc@12 00404e80 f   IDataObject.obj
 0001:00003e90       _DataObject_SetData@16     00404e90 f   IDataObject.obj
 0001:00003fb0       _DataObject_EnumFormatEtc@12 00404fb0 f   IDataObject.obj
 0001:00003ff0       _DataObject_DAdvise@20     00404ff0 f   IDataObject.obj
 0001:00004000       _DataObject_DUnadvise@8    00405000 f   IDataObject.obj
 0001:00004010       _DataObject_EnumDAdvise@8  00405010 f   IDataObject.obj
 0001:00004020       _DropSource_CDropSource@0  00405020 f   IDropSource.obj
 0001:00004080       _DropSource_QueryInterface@12 00405080 f   IDropSource.obj
 0001:000040f0       _DropSource_AddRef@4       004050f0 f   IDropSource.obj
 0001:00004110       _DropSource_Release@4      00405110 f   IDropSource.obj
 0001:00004140       _DropSource_GiveFeedback@8 00405140 f   IDropSource.obj
 0001:00004160       _DropSource_QueryContinueDrag@12 00405160 f   IDropSource.obj
 0001:00004190       _DropTarget_CDropTarget@0  00405190 f   IDropTarget.obj
 0001:00004200       _DropTarget_QueryInterface@12 00405200 f   IDropTarget.obj
 0001:00004270       _DropTarget_AddRef@4       00405270 f   IDropTarget.obj
 0001:00004290       _DropTarget_Release@4      00405290 f   IDropTarget.obj
 0001:000042e0       _DropTarget_DragEnter@24   004052e0 f   IDropTarget.obj
 0001:00004360       _DropTarget_DragOver@20    00405360 f   IDropTarget.obj
 0001:000043a0       _DropTarget_DragLeave@4    004053a0 f   IDropTarget.obj
 0001:000043d0       _DropTarget_Drop@24        004053d0 f   IDropTarget.obj
 0001:00004480       _QueryDrop@12              00405480 f   IDropTarget.obj
 0001:00004530       _DisplayFileNames@8        00405530 f   IDropTarget.obj
 0001:000045b0       _EnumFORMATETC_CEnumFormatEtc@8 004055b0 f   IEnumFORMATETC.obj
 0001:00004620       _EnumFORMATETC_QueryInterface@12 00405620 f   IEnumFORMATETC.obj
 0001:00004690       _EnumFORMATETC_AddRef@4    00405690 f   IEnumFORMATETC.obj
 0001:000046b0       _EnumFORMATETC_Release@4   004056b0 f   IEnumFORMATETC.obj
 0001:000046f0       _EnumFORMATETC_Next@16     004056f0 f   IEnumFORMATETC.obj
 0001:00004790       _EnumFORMATETC_Skip@8      00405790 f   IEnumFORMATETC.obj
 0001:000047c0       _EnumFORMATETC_Reset@4     004057c0 f   IEnumFORMATETC.obj
 0001:000047d0       _EnumFORMATETC_Clone@8     004057d0 f   IEnumFORMATETC.obj
 0001:00004b30       _Createmain_menu_WndClassWnd@0 00405b30 f   main_menu.obj
 0001:00004b80       _MainWndProc_OnCommand@16  00405b80 f   main_menu.obj
 0001:00004cf0       _MainWndProc@16            00405cf0 f   main_menu.obj
 0001:000051e0       _WinMain@16                004061e0 f   main_menu.obj
 0001:000052a0       _create_Controls@12        004062a0 f   main_menu.obj
 0001:000053b0       _ButtonProc@16             004063b0 f   main_menu.obj
 0001:00005620       _MapDialogControlRect@12   00406620 f   main_menu.obj
 0001:00005750       _LoadXmlMenu@4             00406750 f   main_menu.obj
 0001:000060b0       _install_Hook@12           004070b0 f   main_menu.obj
 0001:00006210       _menuproc_sclass@16        00407210 f   main_menu.obj
 0001:000065a0       _initHook@0                004075a0 f   main_menu.obj
 0001:000065d0       _unitHook@0                004075d0 f   main_menu.obj
 0001:00006630       _draw_menu@16              00407630 f   main_menu.obj
 0001:00006920       _draw_buttons@16           00407920 f   main_menu.obj
 0001:00006aa0       _MenuType@8                00407aa0 f   main_menu.obj
 0001:00006b10       _IsRootMenu@4              00407b10 f   main_menu.obj
 0001:00006b70       _startDragDrop@4           00407b70 f   main_menu.obj
 0001:00006c40       _imageOptions@12           00407c40 f   main_menu.obj
 0001:00006de0       _MagnetWindow@4            00407de0 f   main_menu.obj
 0001:00006ed0       _HextoDec@4                00407ed0 f   main_menu.obj
 0001:00006f30       _xstrtoi@4                 00407f30 f   main_menu.obj
 0001:00006f50       _xmlInitnstance@8          00407f50 f   main_menu.obj
 0001:00007560       _drawMenuSeparator@16      00408560 f   main_menu.obj
 0001:00007770       _drawRootMenuItem@16       00408770 f   main_menu.obj
 0001:00007b80       _SetWindowTransparentMode@8 00408b80 f   main_menu.obj
 0001:00007bf0       _Create32BitHBITMAP@16     00408bf0 f   main_menu.obj
 0001:00007c00       _manage_menu@8             00408c00 f   manage_menu.obj
 0001:00007d80       _treeWndProc@16            00408d80 f   manage_menu.obj
 0001:00007d90       _main_menu_wndProc@16      00408d90 f   manage_menu.obj
 0001:00008170       _createControls@8          00409170 f   manage_menu.obj
 0001:000083a0       _buildTree@12              004093a0 f   manage_menu.obj
 0001:000085a0       _BSTRtoANSI@4              004095a0 f   manage_menu.obj
 0001:00008610       _ANSItoBSTR@4              00409610 f   manage_menu.obj
 0001:00008670       _DrawButtons@16            00409670 f   manage_menu.obj
 0001:00008710       _btnProc@16                00409710 f   manage_menu.obj
 0001:00008a40       _initBtnClass@4            00409a40 f   manage_menu.obj
 0001:00008ae0       _wallpaperFromHbitmap@12   00409ae0 f   manage_menu.obj
 0001:00008b50       _DelPropProc@12            00409b50 f   manage_menu.obj
 0001:00008b70       _DrawMenuShadow@16         00409b70 f   manage_menu.obj
 0001:00008ce0       _pMask@8                   00409ce0 f   manage_menu.obj
 0001:00008d70       _CaptureScreen@0           00409d70 f   manage_menu.obj
 0001:00008e00       _blurBitmap2@12            00409e00 f   manage_menu.obj
 0001:00009170       _SelectIconA@16            0040a170 f   shellHelper.obj
 0001:00009270       _SelectIconW@16            0040a270 f   shellHelper.obj
 0001:00009350       _loadXML@4                 0040a350 f   xmleng.obj
 0001:000095c0       _populateNode@4            0040a5c0 f   xmleng.obj
 0001:00009660       _populateAttributes@4      0040a660 f   xmleng.obj
 0001:000096e0       _getAttributeValue@12      0040a6e0 f   xmleng.obj
 0001:00009780       _AnsiToUnicode@8           0040a780 f   xmleng.obj
 0001:00009810       _ConvertAnsiStrToBStrx@8   0040a810 f   xmleng.obj
 0001:000098e0       _ConvertBStrToAnsiStrx@8   0040a8e0 f   xmleng.obj
 0001:000099c0       _unloadXML@0               0040a9c0 f   xmleng.obj
 0001:000099cb       _CopyStgMedium@8           0040a9cb     urlmon:urlmon.dll
 0001:000099e0       _wcschr                    0040a9e0 f   crt:wcschr.obj
 0001:00009a00       _floor                     0040aa00 f   crt:floor.obj
 0001:00009a40       _ceil                      0040aa40 f   crt:ceil.obj
 0001:00009a80       ___ftoll                   0040aa80 f   crt:_ftoll.obj
 0001:00009ab0       _gmtime                    0040aab0 f   crt:gmtime.obj
 0001:00009ad0       _mktime                    0040aad0 f   crt:mktime.obj
 0001:00009bd0       _localtime                 0040abd0 f   crt:localtime.obj
 0001:00009bf0       ___assert                  0040abf0 f   crt:_assert.obj
 0001:00009d20       _abort                     0040ad20 f   crt:abort.obj
 0001:00009f50       __sheap_alloc              0040af50 f   crt:malloc.obj
 0001:0000a260       _malloc                    0040b260 f   crt:malloc.obj
 0001:0000a2a0       __sheap_free               0040b2a0 f   crt:free.obj
 0001:0000a620       _free                      0040b620 f   crt:free.obj
 0001:0000a650       _calloc                    0040b650 f   crt:calloc.obj
 0001:0000a690       ___chkstk                  0040b690 f   crt:_chkstk.obj
 0001:0000a6c0       _wcscmp                    0040b6c0 f   crt:wcscmp.obj
 0001:0000a6f0       _WinMainCRTStartup         0040b6f0 f   crt:_wincrt0.obj
 0001:0000a810       ___fpint                   0040b810 f   crt:_fpint.obj
 0001:0000a950       ___extradays               0040b950 f   crt:_ttotm.obj
 0001:0000a9b0       ___ttotm                   0040b9b0 f   crt:_ttotm.obj
 0001:0000aaf0       ___tzoff                   0040baf0 f   crt:_tzoff.obj
 0001:0000abb0       ___gui_assert              0040bbb0 f   crt:__assert.obj
 0001:0000ad50       _fputs                     0040bd50 f   crt:fputs.obj
 0001:0000ad80       ___fflush                  0040bd80 f   crt:_fflush.obj
 0001:0000ae50       _raise                     0040be50 f   crt:raise.obj
 0001:0000af50       _exit                      0040bf50 f   crt:exit.obj
 0001:0000afe0       _snprintf                  0040bfe0 f   crt:snprintf.obj
 0001:0000b060       _vsnprintf                 0040c060 f   crt:vsnprintf.obj
 0001:0000b0f0       _swprintf                  0040c0f0 f   crt:swprintf.obj
 0001:0000b130       ___getmem                  0040c130 f   crt:_getmem.obj
 0001:0000b1d0       ___bheapinit               0040c1d0 f   crt:_bigheap.obj
 0001:0000b1f0       ___bheapterm               0040c1f0 f   crt:_bigheap.obj
 0001:0000b210       __bheap_aligned_alloc      0040c210 f   crt:_bigheap.obj
 0001:0000b270       __bheap_aligned_realloc    0040c270 f   crt:_bigheap.obj
 0001:0000b350       __bheap_alloc              0040c350 f   crt:_bigheap.obj
 0001:0000b360       __bheap_realloc            0040c360 f   crt:_bigheap.obj
 0001:0000b380       __bheap_free               0040c380 f   crt:_bigheap.obj
 0001:0000b3a0       __bheap_size               0040c3a0 f   crt:_bigheap.obj
 0001:0000b3d0       __bheap_validate           0040c3d0 f   crt:_bigheap.obj
 0001:0000b400       _memset                    0040c400 f   crt:memset.obj
 0001:0000b4f8       __except_handler3          0040c4f8 f   crt:seh2.obj
 0001:0000b5d0       __seh_longjmp_unwind@4     0040c5d0 f   crt:seh2.obj
 0001:0000b5f0       __global_unwind2           0040c5f0 f   crt:seh1.obj
 0001:0000b610       __unwind_handler           0040c610 f   crt:seh1.obj
 0001:0000b640       __local_unwind2            0040c640 f   crt:seh1.obj
 0001:0000b69f       __NLG_Return2              0040c69f     crt:seh1.obj
 0001:0000b6b0       __abnormal_termination     0040c6b0 f   crt:seh1.obj
 0001:0000b6e0       __NLG_Notify1              0040c6e0     crt:seh1.obj
 0001:0000b6e9       __NLG_Notify               0040c6e9     crt:seh1.obj
 0001:0000b6fd       __NLG_Dispatch             0040c6fd     crt:seh1.obj
 0001:0000b710       ___features                0040c710 f   crt:features.obj
 0001:0000b7d0       ___clockinit               0040c7d0 f   crt:clock.obj
 0001:0000b7e0       _clock                     0040c7e0 f   crt:clock.obj
 0001:0000b820       ___ioinit                  0040c820 f   crt:_ioinit.obj
 0001:0000ba60       ___ioterm                  0040ca60 f   crt:_ioinit.obj
 0001:0000bc30       ___setargv                 0040cc30 f   crt:_setargv.obj
 0001:0000bcd0       ___setenvp                 0040ccd0 f   crt:_setenvp.obj
 0001:0000bd90       ___crt_abort               0040cd90 f   crt:_crtabort.obj
 0001:0000be70       ___wincmdln                0040ce70 f   crt:_wincmdln.obj
 0001:0000beb0       ___xcptfilter              0040ceb0 f   crt:_xcptfilter.obj
 0001:0000bf20       ___isdst                   0040cf20 f   crt:_isdst.obj
 0001:0000c160       ___getzone                 0040d160 f   crt:_getzone.obj
 0001:0000c1d0       ___gettime                 0040d1d0 f   crt:_gettime.obj
 0001:0000c240       _strtol                    0040d240 f   crt:strtol.obj
 0001:0000c2f0       ___new_osfhnd              0040d2f0 f   crt:_osfinfo.obj
 0001:0000c3a0       ___free_osfhnd             0040d3a0 f   crt:_osfinfo.obj
 0001:0000c430       ___set_osfhnd              0040d430 f   crt:_osfinfo.obj
 0001:0000c4b0       ___get_osfhnd              0040d4b0 f   crt:_osfinfo.obj
 0001:0000c4d0       __get_osfhandle            0040d4d0 f   crt:_osfinfo.obj
 0001:0000c510       __open_osfhandle           0040d510 f   crt:_osfinfo.obj
 0001:0000c5c0       ___fwrite                  0040d5c0 f   crt:_fwrite.obj
 0001:0000c6b0       _strrchr                   0040d6b0 f   crt:strrchr.obj
 0001:0000c6d0       ___buf_stream              0040d6d0 f   crt:_stbuf.obj
 0001:0000c740       ___unbuf_stream            0040d740 f   crt:_stbuf.obj
 0001:0000c790       __write                    0040d790 f   crt:write.obj
 0001:0000ca70       _signal                    0040da70 f   crt:signal.obj
 0001:0000cad0       __Exit                     0040dad0 f   crt:_exit.obj
 0001:0000cae0       ___printf                  0040dae0 f   crt:_printf.obj
 0001:0000cd50       ___wprintf                 0040dd50 f   crt:_wprintf.obj
 0001:0000cfc0       _memcpy                    0040dfc0 f   crt:memcpy.obj
 0001:0000d1b0       ___set_default_crt_heap_size 0040e1b0 f   crt:_dflheap.obj
 0001:0000d1c0       ___ulldiv                  0040e1c0 f   crt:_ulldiv.obj
 0001:0000d270       ___getdst                  0040e270 f   crt:_getdst.obj
 0001:0000d3e0       _getenv                    0040e3e0 f   crt:getenv.obj
 0001:0000d570       ___tzone                   0040e570 f   crt:_tzone.obj
 0001:0000d6a0       _strchr                    0040e6a0 f   crt:strchr.obj
 0001:0000d770       ___stoul                   0040e770 f   crt:_stoul.obj
 0001:0000d8f0       ___maposerr                0040e8f0 f   crt:_maperr.obj
 0001:0000da90       ___init_closeall           0040ea90 f   crt:fclose.obj
 0001:0000dab0       _fclose                    0040eab0 f   crt:fclose.obj
 0001:0000dbb0       __isatty                   0040ebb0 f   crt:isatty.obj
 0001:0000dbe0       __lseek                    0040ebe0 f   crt:lseek.obj
 0001:0000dc70       ___cp_to_cp                0040ec70 f   crt:_cp2cp.obj
 0001:0000dd20       ___mbtowc                  0040ed20 f   crt:_mbtowc.obj
 0001:0000dff0       ___putfield                0040eff0 f   crt:_putfield.obj
 0001:0000e610       ___puttxt                  0040f610 f   crt:_puttxt.obj
 0001:0000e810       _wcscspn                   0040f810 f   crt:wcscspn.obj
 0001:0000e850       ___iswctype                0040f850 f   crt:_iswctype.obj
 0001:0000e8a0       ___wputfield               0040f8a0 f   crt:_wputfield.obj
 0001:0000ef50       ___wputtxt                 0040ff50 f   crt:_wputtxt.obj
 0001:0000f150       __strnicmp                 00410150 f   crt:strnicmp.obj
 0001:0000f1c0       _sprintf                   004101c0 f   crt:sprintf.obj
 0001:0000f1f0       _strcat                    004101f0 f   crt:strcat.obj
 0001:0000f220       _memchr                    00410220 f   crt:memchr.obj
 0001:0000f2e0       __Atexit                   004102e0 f   crt:_atexit.obj
 0001:0000f310       __close                    00410310 f   crt:close.obj
 0001:0000f3d0       _remove                    004103d0 f   crt:remove.obj
 0001:0000f3e0       ____mbtowc                 004103e0 f   crt:__mbtowc.obj
 0001:0000f440       ___putstr                  00410440 f   crt:_putstr.obj
 0001:0000f5e0       ___litob                   004105e0 f   crt:_litob.obj
 0001:0000f7c0       ___fptestl                 004107c0 f   crt:_fptestl.obj
 0001:0000f7d0       ___ldtob                   004107d0 f   crt:_ldtob.obj
 0001:0000fd10       _ignore_handler_s          00410d10 f   crt:constraint_handler_s.obj
 0001:0000fd20       _set_constraint_handler_s  00410d20 f   crt:constraint_handler_s.obj
 0001:0000fd40       __crt_constraint           00410d40 f   crt:constraint_handler_s.obj
 0001:0000fd60       ___btowc                   00410d60 f   crt:_btowc.obj
 0001:0000fdb0       ___wlitob                  00410db0 f   crt:_wlitob.obj
 0001:0000ffb0       ___wldtob                  00410fb0 f   crt:_wldtob.obj
 0001:00010540       _wmemchr                   00411540 f   crt:wmemchr.obj
 0001:00010560       ___wputstr                 00411560 f   crt:_wputstr.obj
 0001:000106e0       __unlink                   004116e0 f   crt:unlink.obj
 0001:00010710       ___wctomb                  00411710 f   crt:_wctomb.obj
 0001:00010950       ___ullmod                  00411950 f   crt:_ullmod.obj
 0001:000109d0       ___lldiv                   004119d0 f   crt:_lldiv.obj
 0001:00010a80       ___llmul                   00411a80 f   crt:_llmul.obj
 0001:00010ac0       ___fptest                  00411ac0 f   crt:_fptest.obj
 0001:00010b20       ___fpunscalel              00411b20 f   crt:_fpunscalel.obj
 0001:00010b40       ___fpscalel                00411b40 f   crt:_fpscalel.obj
 0001:00010b60       ___genld                   00411b60 f   crt:_genld.obj
 0001:00010f60       _ldiv                      00411f60 f   crt:ldiv.obj
 0001:00010f90       ___strerror                00411f90 f   crt:_strerror.obj
 0001:000111e0       ___wgenld                  004121e0 f   crt:_wgenld.obj
 0001:00011660       ____wctomb                 00412660 f   crt:__wctomb.obj
 0001:000116c0       ___fpunscale               004126c0 f   crt:_fpunscale.obj
 0001:00011760       ___fpscale                 00412760 f   crt:_fpscale.obj
 0001:00011930       _localeconv                00412930 f   crt:localeconv.obj
 0001:00011940       _div                       00412940 f   crt:div.obj
 0001:00011970       ___fpnorm                  00412970 f   crt:_fpnorm.obj
 0001:00011a87       _RtlUnwind@16              00412a87     kernel32:KERNEL32.dll
 0002:000006bc       __WndPropName_OldProc      004136bc     main_menu.obj
 0002:000006ce       __WndPropName_MenuXP       004136ce     main_menu.obj
 0002:00000f48       _IID_IClassFactory         00413f48     uuid:ID_IClassFactory.obj
 0002:00000f58       _IID_IPersistFile          00413f58     uuid:ID_IPersistFile.obj
 0002:00000f68       _IID_IDispatch             00413f68     uuid:ID_IDispatch.obj
 0002:00000f78       _GUID_NULL                 00413f78     uuid:UID_NULL.obj
 0002:00000f88       _IID_IEnumVARIANT          00413f88     uuid:ID_IEnumVARIANT.obj
 0002:00000f98       _IID_IUnknown              00413f98     uuid:ID_IUnknown.obj
 0002:00000fa8       _IID_IDataObject           00413fa8     uuid:ID_IDataObject.obj
 0002:00000fb8       _IID_IDropSource           00413fb8     uuid:ID_IDropSource.obj
 0002:00000fc8       _IID_IDropTargetHelper     00413fc8     uuid:ID_IDropTargetHelper.obj
 0002:00000fd8       _CLSID_DragDropHelper      00413fd8     uuid:LSID_DragDropHelper.obj
 0002:00000fe8       _IID_IDropTarget           00413fe8     uuid:ID_IDropTarget.obj
 0002:00000ff8       _IID_IEnumFORMATETC        00413ff8     uuid:ID_IEnumFORMATETC.obj
 0002:00001008       _IID_IXMLDOMDocument       00414008     uuid:ID_IXMLDOMDocument.obj
 0002:00001018       _CLSID_DOMDocument         00414018     uuid:LSID_DOMDocument.obj
 0002:00001080       ___malloc_binmax           00414080     crt:malloc.obj
 0002:00001588       ___c_times                 00414588     crt:_tinfo.obj
 0002:000027d0       ___inf                     004157d0     crt:_values.obj
 0002:000027d8       ___nan                     004157d8     crt:_values.obj
 0002:000027e0       ___eps                     004157e0     crt:_values.obj
 0002:000027e8       ___rteps                   004157e8     crt:_values.obj
 0002:000027f0       ___xbig                    004157f0     crt:_values.obj
 0002:000027f8       ___zero                    004157f8     crt:_values.obj
 0002:00002870       ___xi_a                    00415870     crt:_initex.obj
 0002:00002870       ___xi_z                    00415870     crt:_initex.obj
 0002:00002870       ___xt_a                    00415870     crt:_initex.obj
 0002:00002870       ___xt_z                    00415870     crt:_initex.obj
 0003:00000060       _dataObjectVtbl            00416060     IDataObject.obj
 0003:00000090       _DataObject                00416090     IDataObject.obj
 0003:00000094       _dropSourceVtbl            00416094     IDropSource.obj
 0003:000000a8       _DropSource                004160a8     IDropSource.obj
 0003:000000ac       _dropTargetVtbl            004160ac     IDropTarget.obj
 0003:000000c8       _DropTarget                004160c8     IDropTarget.obj
 0003:000000cc       _ienumFORMATETCVtbl        004160cc     IEnumFORMATETC.obj
 0003:000000e8       _EnumFORMATETC             004160e8     IEnumFORMATETC.obj
 0003:000000ec       _test_menu                 004160ec     main_menu.obj
 0003:00000128       _flagSelected              00416128     manage_menu.obj
 0003:0000012c       _gBttnDet                  0041612c     manage_menu.obj
 0003:00000180       _cip                       00416180     manage_menu.obj
 0003:000001a4       ___malloc_rovers           004161a4     crt:malloc.obj
 0003:000001c8       ___malloc_hiword           004161c8     crt:malloc.obj
 0003:000001cc       ___malloc_loword           004161cc     crt:malloc.obj
 0003:000001d0       ___malloc_mem              004161d0     crt:malloc.obj
 0003:000001d4       ___malloc_firstbin         004161d4     crt:malloc.obj
 0003:000001d8       ___malloc_lastbin          004161d8     crt:malloc.obj
 0003:00000208       ___stdin                   00416208     crt:_files.obj
 0003:00000258       ___stdout                  00416258     crt:_files.obj
 0003:000002a8       ___stderr                  004162a8     crt:_files.obj
 0003:000002f8       ___filetab                 004162f8     crt:_files.obj
 0003:000006f8       __Atfuns                   004166f8     crt:exit.obj
 0003:00000838       __Atcount                  00416838     crt:exit.obj
 0003:0000083c       __Atcount0                 0041683c     crt:exit.obj
 0003:00000840       ___argc                    00416840     crt:_crt0dat.obj
 0003:00000844       ___argv                    00416844     crt:_crt0dat.obj
 0003:00000848       ___wargv                   00416848     crt:_crt0dat.obj
 0003:0000084c       ___envp                    0041684c     crt:_crt0dat.obj
 0003:00000850       ___wenvp                   00416850     crt:_crt0dat.obj
 0003:00000854       ___crtheap                 00416854     crt:_crt0dat.obj
 0003:00000858       ___crtheapsize             00416858     crt:_crt0dat.obj
 0003:0000085c       ___bheap_threshold         0041685c     crt:_crt0dat.obj
 0003:00000860       ___sigtab                  00416860     crt:_crt0dat.obj
 0003:00000910       _errno                     00416910     crt:errno.obj
 0003:00000914       __NLG_Destination          00416914     crt:seh1.obj
 0003:00000924       ___feature_mask            00416924     crt:features.obj
 0003:00000934       ___times                   00416934     crt:_tinfo.obj
 0003:000009a4       ___ctypetab                004169a4     crt:_ctypetab.obj
 0003:000009ac       ___mbcurmax                004169ac     crt:_state.obj
 0003:000009b0       ___collatetab              004169b0     crt:_state.obj
 0003:000009f0       ___wcollatetab             004169f0     crt:_state.obj
 0003:00000a30       ___mbtowctab               00416a30     crt:_state.obj
 0003:00000a70       ___wctombtab               00416a70     crt:_state.obj
 0003:00000ab0       ___charcp                  00416ab0     crt:_state.obj
 0003:00000ab4       ___lcid                    00416ab4     crt:_state.obj
 0003:00000ab8       ___tolowertab              00416ab8     crt:_tolowertab.obj
 0003:00000ac0       ___wctypetab               00416ac0     crt:_wctypetab.obj
 0003:00000ac4       ___locale                  00416ac4     crt:localeconv.obj
 0003:00000afc       __IMPORT_DESCRIPTOR_KERNEL32 00416afc     kernel32:KERNEL32.dll
 0003:00000b10       __IMPORT_DESCRIPTOR_USER32 00416b10     user32:USER32.dll
 0003:00000b24       __IMPORT_DESCRIPTOR_GDI32  00416b24     gdi32:GDI32.dll
 0003:00000b38       __IMPORT_DESCRIPTOR_ole32  00416b38     ole32:ole32.dll
 0003:00000b4c       __IMPORT_DESCRIPTOR_OLEAUT32 00416b4c     oleaut32:OLEAUT32.dll
 0003:00000b60       __IMPORT_DESCRIPTOR_SHELL32 00416b60     shell32:SHELL32.dll
 0003:00000b74       __IMPORT_DESCRIPTOR_FreeImage 00416b74     FreeImage:FreeImage.dll
 0003:00000b88       __IMPORT_DESCRIPTOR_urlmon 00416b88     urlmon:urlmon.dll
 0003:00000b9c       __IMPORT_DESCRIPTOR_MSIMG32 00416b9c     msimg32:MSIMG32.dll
 0003:00000bb0       __NULL_IMPORT_DESCRIPTOR   00416bb0     kernel32:KERNEL32.dll
 0003:00000f1c       __imp__FileTimeToSystemTime@8 00416f1c     kernel32:KERNEL32.dll
 0003:00000f20       __imp__GetLastError@0      00416f20     kernel32:KERNEL32.dll
 0003:00000f24       __imp__SystemTimeToFileTime@8 00416f24     kernel32:KERNEL32.dll
 0003:00000f28       __imp__MultiByteToWideChar@24 00416f28     kernel32:KERNEL32.dll
 0003:00000f2c       __imp__WideCharToMultiByte@32 00416f2c     kernel32:KERNEL32.dll
 0003:00000f30       __imp__InterlockedIncrement@4 00416f30     kernel32:KERNEL32.dll
 0003:00000f34       __imp__TlsAlloc@0          00416f34     kernel32:KERNEL32.dll
 0003:00000f38       __imp__Sleep@4             00416f38     kernel32:KERNEL32.dll
 0003:00000f3c       __imp__TlsGetValue@4       00416f3c     kernel32:KERNEL32.dll
 0003:00000f40       __imp__TlsSetValue@8       00416f40     kernel32:KERNEL32.dll
 0003:00000f44       __imp__GetProcessHeap@0    00416f44     kernel32:KERNEL32.dll
 0003:00000f48       __imp__HeapAlloc@12        00416f48     kernel32:KERNEL32.dll
 0003:00000f4c       __imp__IsBadCodePtr@4      00416f4c     kernel32:KERNEL32.dll
 0003:00000f50       __imp__FormatMessageA@28   00416f50     kernel32:KERNEL32.dll
 0003:00000f54       __imp__HeapFree@12         00416f54     kernel32:KERNEL32.dll
 0003:00000f58       __imp__MulDiv@12           00416f58     kernel32:KERNEL32.dll
 0003:00000f5c       __imp__lstrlenA@4          00416f5c     kernel32:KERNEL32.dll
 0003:00000f60       __imp__LoadLibraryA@4      00416f60     kernel32:KERNEL32.dll
 0003:00000f64       __imp__GetProcAddress@8    00416f64     kernel32:KERNEL32.dll
 0003:00000f68       __imp__FreeLibrary@4       00416f68     kernel32:KERNEL32.dll
 0003:00000f6c       __imp__GetModuleHandleA@4  00416f6c     kernel32:KERNEL32.dll
 0003:00000f70       __imp__lstrcpyA@8          00416f70     kernel32:KERNEL32.dll
 0003:00000f74       __imp__GetModuleFileNameA@12 00416f74     kernel32:KERNEL32.dll
 0003:00000f78       __imp__FindResourceA@12    00416f78     kernel32:KERNEL32.dll
 0003:00000f7c       __imp__LoadResource@8      00416f7c     kernel32:KERNEL32.dll
 0003:00000f80       __imp__LockResource@4      00416f80     kernel32:KERNEL32.dll
 0003:00000f84       __imp__GetCurrentThreadId@0 00416f84     kernel32:KERNEL32.dll
 0003:00000f88       __imp__GetVersionExA@4     00416f88     kernel32:KERNEL32.dll
 0003:00000f8c       __imp__GetStartupInfoA@4   00416f8c     kernel32:KERNEL32.dll
 0003:00000f90       __imp__VirtualAlloc@16     00416f90     kernel32:KERNEL32.dll
 0003:00000f94       __imp__VirtualQuery@12     00416f94     kernel32:KERNEL32.dll
 0003:00000f98       __imp__HeapCreate@12       00416f98     kernel32:KERNEL32.dll
 0003:00000f9c       __imp__HeapDestroy@4       00416f9c     kernel32:KERNEL32.dll
 0003:00000fa0       __imp__HeapReAlloc@16      00416fa0     kernel32:KERNEL32.dll
 0003:00000fa4       __imp__HeapSize@12         00416fa4     kernel32:KERNEL32.dll
 0003:00000fa8       __imp__HeapValidate@12     00416fa8     kernel32:KERNEL32.dll
 0003:00000fac       __imp__RtlUnwind@16        00416fac     kernel32:KERNEL32.dll
 0003:00000fb0       __imp__GetSystemTimeAsFileTime@4 00416fb0     kernel32:KERNEL32.dll
 0003:00000fb4       __imp__GetFileType@4       00416fb4     kernel32:KERNEL32.dll
 0003:00000fb8       __imp__GetStdHandle@4      00416fb8     kernel32:KERNEL32.dll
 0003:00000fbc       __imp__GetCurrentProcess@0 00416fbc     kernel32:KERNEL32.dll
 0003:00000fc0       __imp__DuplicateHandle@28  00416fc0     kernel32:KERNEL32.dll
 0003:00000fc4       __imp__SetHandleCount@4    00416fc4     kernel32:KERNEL32.dll
 0003:00000fc8       __imp__GetCommandLineA@0   00416fc8     kernel32:KERNEL32.dll
 0003:00000fcc       __imp__GetEnvironmentStrings@0 00416fcc     kernel32:KERNEL32.dll
 0003:00000fd0       __imp__FreeEnvironmentStringsA@4 00416fd0     kernel32:KERNEL32.dll
 0003:00000fd4       __imp__OutputDebugStringA@4 00416fd4     kernel32:KERNEL32.dll
 0003:00000fd8       __imp__UnhandledExceptionFilter@4 00416fd8     kernel32:KERNEL32.dll
 0003:00000fdc       __imp__SetStdHandle@8      00416fdc     kernel32:KERNEL32.dll
 0003:00000fe0       __imp__GetConsoleMode@8    00416fe0     kernel32:KERNEL32.dll
 0003:00000fe4       __imp__GetConsoleOutputCP@0 00416fe4     kernel32:KERNEL32.dll
 0003:00000fe8       __imp__WriteFile@20        00416fe8     kernel32:KERNEL32.dll
 0003:00000fec       __imp__SetConsoleCtrlHandler@8 00416fec     kernel32:KERNEL32.dll
 0003:00000ff0       __imp__ExitProcess@4       00416ff0     kernel32:KERNEL32.dll
 0003:00000ff4       __imp__GetSystemTime@4     00416ff4     kernel32:KERNEL32.dll
 0003:00000ff8       __imp__GetTimeZoneInformation@4 00416ff8     kernel32:KERNEL32.dll
 0003:00000ffc       __imp__SetFilePointer@16   00416ffc     kernel32:KERNEL32.dll
 0003:00001000       __imp__CloseHandle@4       00417000     kernel32:KERNEL32.dll
 0003:00001004       __imp__DeleteFileA@4       00417004     kernel32:KERNEL32.dll
 0003:00001008       KERNEL32_NULL_THUNK_DATA  00417008     kernel32:KERNEL32.dll
 0003:0000100c       __imp__MessageBoxW@16      0041700c     user32:USER32.dll
 0003:00001010       __imp__FillRect@12         00417010     user32:USER32.dll
 0003:00001014       __imp__DrawTextA@20        00417014     user32:USER32.dll
 0003:00001018       __imp__LoadImageA@24       00417018     user32:USER32.dll
 0003:0000101c       __imp__CopyRect@8          0041701c     user32:USER32.dll
 0003:00001020       __imp__SetRect@20          00417020     user32:USER32.dll
 0003:00001024       __imp__DrawFrameControl@16 00417024     user32:USER32.dll
 0003:00001028       __imp__GetDesktopWindow@0  00417028     user32:USER32.dll
 0003:0000102c       __imp__GetDC@4             0041702c     user32:USER32.dll
 0003:00001030       __imp__ReleaseDC@8         00417030     user32:USER32.dll
 0003:00001034       __imp__DrawIconEx@36       00417034     user32:USER32.dll
 0003:00001038       __imp__GetIconInfo@8       00417038     user32:USER32.dll
 0003:0000103c       __imp__DestroyIcon@4       0041703c     user32:USER32.dll
 0003:00001040       __imp__LoadCursorA@8       00417040     user32:USER32.dll
 0003:00001044       __imp__SetCursor@4         00417044     user32:USER32.dll
 0003:00001048       __imp__MessageBeep@4       00417048     user32:USER32.dll
 0003:0000104c       __imp__MessageBoxA@16      0041704c     user32:USER32.dll
 0003:00001050       __imp__LoadIconA@8         00417050     user32:USER32.dll
 0003:00001054       __imp__RegisterClassA@4    00417054     user32:USER32.dll
 0003:00001058       __imp__CreateWindowExA@48  00417058     user32:USER32.dll
 0003:0000105c       __imp__PostMessageA@16     0041705c     user32:USER32.dll
 0003:00001060       __imp__SystemParametersInfoA@16 00417060     user32:USER32.dll
 0003:00001064       __imp__ClientToScreen@8    00417064     user32:USER32.dll
 0003:00001068       __imp__GetWindowRect@8     00417068     user32:USER32.dll
 0003:0000106c       __imp__TrackPopupMenu@28   0041706c     user32:USER32.dll
 0003:00001070       __imp__GetSystemMetrics@4  00417070     user32:USER32.dll
 0003:00001074       __imp__SetWindowPos@28     00417074     user32:USER32.dll
 0003:00001078       __imp__ReleaseCapture@0    00417078     user32:USER32.dll
 0003:0000107c       __imp__SendMessageA@16     0041707c     user32:USER32.dll
 0003:00001080       __imp__BeginPaint@8        00417080     user32:USER32.dll
 0003:00001084       __imp__EndPaint@8          00417084     user32:USER32.dll
 0003:00001088       __imp__SetMenuInfo@8       00417088     user32:USER32.dll
 0003:0000108c       __imp__PostQuitMessage@4   0041708c     user32:USER32.dll
 0003:00001090       __imp__DefWindowProcA@16   00417090     user32:USER32.dll
 0003:00001094       __imp__LoadAcceleratorsA@8 00417094     user32:USER32.dll
 0003:00001098       __imp__ShowWindow@8        00417098     user32:USER32.dll
 0003:0000109c       __imp__TranslateAcceleratorA@12 0041709c     user32:USER32.dll
 0003:000010a0       __imp__TranslateMessage@4  004170a0     user32:USER32.dll
 0003:000010a4       __imp__DispatchMessageA@4  004170a4     user32:USER32.dll
 0003:000010a8       __imp__GetMessageA@16      004170a8     user32:USER32.dll
 0003:000010ac       __imp__SetWindowLongA@12   004170ac     user32:USER32.dll
 0003:000010b0       __imp__CallWindowProcA@20  004170b0     user32:USER32.dll
 0003:000010b4       __imp__GetWindowLongA@8    004170b4     user32:USER32.dll
 0003:000010b8       __imp__GetDlgItem@8        004170b8     user32:USER32.dll
 0003:000010bc       __imp__GetClientRect@8     004170bc     user32:USER32.dll
 0003:000010c0       __imp__CreatePopupMenu@0   004170c0     user32:USER32.dll
 0003:000010c4       __imp__AppendMenuA@16      004170c4     user32:USER32.dll
 0003:000010c8       __imp__GetMenuItemInfoA@16 004170c8     user32:USER32.dll
 0003:000010cc       __imp__GetForegroundWindow@0 004170cc     user32:USER32.dll
 0003:000010d0       __imp__GetClassNameA@12    004170d0     user32:USER32.dll
 0003:000010d4       __imp__SetLayeredWindowAttributes@16 004170d4     user32:USER32.dll
 0003:000010d8       __imp__GetPropA@8          004170d8     user32:USER32.dll
 0003:000010dc       __imp__SetPropA@12         004170dc     user32:USER32.dll
 0003:000010e0       __imp__RemovePropA@8       004170e0     user32:USER32.dll
 0003:000010e4       __imp__CallNextHookEx@16   004170e4     user32:USER32.dll
 0003:000010e8       __imp__GetWindowDC@4       004170e8     user32:USER32.dll
 0003:000010ec       __imp__FrameRect@12        004170ec     user32:USER32.dll
 0003:000010f0       __imp__InflateRect@12      004170f0     user32:USER32.dll
 0003:000010f4       __imp__SetWindowsHookExA@16 004170f4     user32:USER32.dll
 0003:000010f8       __imp__UnhookWindowsHookEx@4 004170f8     user32:USER32.dll
 0003:000010fc       __imp__GetMenuItemCount@4  004170fc     user32:USER32.dll
 0003:00001100       __imp__GetMenuItemID@8     00417100     user32:USER32.dll
 0003:00001104       __imp__GetSubMenu@8        00417104     user32:USER32.dll
 0003:00001108       __imp__RegisterClipboardFormatA@4 00417108     user32:USER32.dll
 0003:0000110c       __imp__wsprintfA           0041710c     user32:USER32.dll
 0003:00001110       __imp__AppendMenuW@16      00417110     user32:USER32.dll
 0003:00001114       __imp__RegisterClassExA@4  00417114     user32:USER32.dll
 0003:00001118       __imp__UpdateWindow@4      00417118     user32:USER32.dll
 0003:0000111c       __imp__LoadBitmapA@8       0041711c     user32:USER32.dll
 0003:00001120       __imp__SendDlgItemMessageA@20 00417120     user32:USER32.dll
 0003:00001124       __imp__DestroyWindow@4     00417124     user32:USER32.dll
 0003:00001128       __imp__EnumPropsExA@12     00417128     user32:USER32.dll
 0003:0000112c       __imp__GetClassInfoExA@12  0041712c     user32:USER32.dll
 0003:00001130       USER32_NULL_THUNK_DATA    00417130     user32:USER32.dll
 0003:00001134       __imp__CreateSolidBrush@4  00417134     gdi32:GDI32.dll
 0003:00001138       __imp__DeleteObject@4      00417138     gdi32:GDI32.dll
 0003:0000113c       __imp__SelectObject@8      0041713c     gdi32:GDI32.dll
 0003:00001140       __imp__RoundRect@28        00417140     gdi32:GDI32.dll
 0003:00001144       __imp__GetObjectA@12       00417144     gdi32:GDI32.dll
 0003:00001148       __imp__CreateCompatibleDC@4 00417148     gdi32:GDI32.dll
 0003:0000114c       __imp__GetDeviceCaps@8     0041714c     gdi32:GDI32.dll
 0003:00001150       __imp__SetTextColor@8      00417150     gdi32:GDI32.dll
 0003:00001154       __imp__SetBkMode@8         00417154     gdi32:GDI32.dll
 0003:00001158       __imp__CreatePen@12        00417158     gdi32:GDI32.dll
 0003:0000115c       __imp__MoveToEx@16         0041715c     gdi32:GDI32.dll
 0003:00001160       __imp__LineTo@12           00417160     gdi32:GDI32.dll
 0003:00001164       __imp__ExcludeClipRect@20  00417164     gdi32:GDI32.dll
 0003:00001168       __imp__GetTextExtentPoint32A@16 00417168     gdi32:GDI32.dll
 0003:0000116c       __imp__CreateCompatibleBitmap@12 0041716c     gdi32:GDI32.dll
 0003:00001170       __imp__BitBlt@36           00417170     gdi32:GDI32.dll
 0003:00001174       __imp__DeleteDC@4          00417174     gdi32:GDI32.dll
 0003:00001178       __imp__GetDIBits@28        00417178     gdi32:GDI32.dll
 0003:0000117c       __imp__CreateBitmap@20     0041717c     gdi32:GDI32.dll
 0003:00001180       __imp__SetBkColor@8        00417180     gdi32:GDI32.dll
 0003:00001184       __imp__DPtoLP@12           00417184     gdi32:GDI32.dll
 0003:00001188       __imp__GetMapMode@4        00417188     gdi32:GDI32.dll
 0003:0000118c       __imp__SetMapMode@8        0041718c     gdi32:GDI32.dll
 0003:00001190       __imp__CreateDIBitmap@24   00417190     gdi32:GDI32.dll
 0003:00001194       __imp__SetDIBits@28        00417194     gdi32:GDI32.dll
 0003:00001198       __imp__CreateFontIndirectA@4 00417198     gdi32:GDI32.dll
 0003:0000119c       __imp__GetTextMetricsA@8   0041719c     gdi32:GDI32.dll
 0003:000011a0       __imp__GetClipBox@8        004171a0     gdi32:GDI32.dll
 0003:000011a4       __imp__TextOutA@20         004171a4     gdi32:GDI32.dll
 0003:000011a8       __imp__GetPixel@12         004171a8     gdi32:GDI32.dll
 0003:000011ac       __imp__SetPixel@16         004171ac     gdi32:GDI32.dll
 0003:000011b0       GDI32_NULL_THUNK_DATA     004171b0     gdi32:GDI32.dll
 0003:000011b4       __imp__CLSIDFromString@8   004171b4     ole32:ole32.dll
 0003:000011b8       __imp__CLSIDFromProgID@8   004171b8     ole32:ole32.dll
 0003:000011bc       __imp__CoGetClassObject@20 004171bc     ole32:ole32.dll
 0003:000011c0       __imp__CoGetObject@16      004171c0     ole32:ole32.dll
 0003:000011c4       __imp__CoInitialize@4      004171c4     ole32:ole32.dll
 0003:000011c8       __imp__CoUninitialize@0    004171c8     ole32:ole32.dll
 0003:000011cc       __imp__CoCreateInstance@20 004171cc     ole32:ole32.dll
 0003:000011d0       __imp__ReleaseStgMedium@4  004171d0     ole32:ole32.dll
 0003:000011d4       __imp__OleInitialize@4     004171d4     ole32:ole32.dll
 0003:000011d8       __imp__OleUninitialize@0   004171d8     ole32:ole32.dll
 0003:000011dc       __imp__DoDragDrop@16       004171dc     ole32:ole32.dll
 0003:000011e0       __imp__CoTaskMemFree@4     004171e0     ole32:ole32.dll
 0003:000011e4       __imp__CoTaskMemAlloc@4    004171e4     ole32:ole32.dll
 0003:000011e8       ole32_NULL_THUNK_DATA     004171e8     ole32:ole32.dll
 0003:000011ec       __imp__GetActiveObject@12  004171ec     oleaut32:OLEAUT32.dll
 0003:000011f0       __imp__VariantInit@4       004171f0     oleaut32:OLEAUT32.dll
 0003:000011f4       __imp__SysFreeString@4     004171f4     oleaut32:OLEAUT32.dll
 0003:000011f8       __imp__VariantClear@4      004171f8     oleaut32:OLEAUT32.dll
 0003:000011fc       __imp__VariantChangeType@16 004171fc     oleaut32:OLEAUT32.dll
 0003:00001200       __imp__SysAllocString@4    00417200     oleaut32:OLEAUT32.dll
 0003:00001204       __imp__SysAllocStringLen@8 00417204     oleaut32:OLEAUT32.dll
 0003:00001208       __imp__SysAllocStringByteLen@8 00417208     oleaut32:OLEAUT32.dll
 0003:0000120c       __imp__SysStringLen@4      0041720c     oleaut32:OLEAUT32.dll
 0003:00001210       OLEAUT32_NULL_THUNK_DATA  00417210     oleaut32:OLEAUT32.dll
 0003:00001214       __imp__SHGetFileInfoA@20   00417214     shell32:SHELL32.dll
 0003:00001218       __imp__DragQueryFileA@16   00417218     shell32:SHELL32.dll
 0003:0000121c       __imp__ShellExecuteA@24    0041721c     shell32:SHELL32.dll
 0003:00001220       SHELL32_NULL_THUNK_DATA   00417220     shell32:SHELL32.dll
 0003:00001224       __imp__FreeImage_Allocate@24 00417224     FreeImage:FreeImage.dll
 0003:00001228       __imp__FreeImage_GetColorsUsed@4 00417228     FreeImage:FreeImage.dll
 0003:0000122c       __imp__FreeImage_GetHeight@4 0041722c     FreeImage:FreeImage.dll
 0003:00001230       __imp__FreeImage_GetBits@4 00417230     FreeImage:FreeImage.dll
 0003:00001234       __imp__FreeImage_GetInfo@4 00417234     FreeImage:FreeImage.dll
 0003:00001238       __imp__FreeImage_GetInfoHeader@4 00417238     FreeImage:FreeImage.dll
 0003:0000123c       __imp__FreeImage_Composite@16 0041723c     FreeImage:FreeImage.dll
 0003:00001240       __imp__FreeImage_Unload@4  00417240     FreeImage:FreeImage.dll
 0003:00001244       __imp__FreeImage_Initialise@4 00417244     FreeImage:FreeImage.dll
 0003:00001248       __imp__FreeImage_GetFileType@8 00417248     FreeImage:FreeImage.dll
 0003:0000124c       __imp__FreeImage_Load@12   0041724c     FreeImage:FreeImage.dll
 0003:00001250       __imp__FreeImage_GetWidth@4 00417250     FreeImage:FreeImage.dll
 0003:00001254       __imp__FreeImage_PreMultiplyWithAlpha@4 00417254     FreeImage:FreeImage.dll
 0003:00001258       __imp__FreeImage_HasBackgroundColor@4 00417258     FreeImage:FreeImage.dll
 0003:0000125c       __imp__FreeImage_IsTransparent@4 0041725c     FreeImage:FreeImage.dll
 0003:00001260       FreeImage_NULL_THUNK_DATA 00417260     FreeImage:FreeImage.dll
 0003:00001264       __imp__CopyStgMedium@8     00417264     urlmon:urlmon.dll
 0003:00001268       urlmon_NULL_THUNK_DATA    00417268     urlmon:urlmon.dll
 0003:0000126c       __imp__AlphaBlend@44       0041726c     msimg32:MSIMG32.dll
 0003:00001270       MSIMG32_NULL_THUNK_DATA   00417270     msimg32:MSIMG32.dll
 0003:0000250c       _dh_g_bIsUnicodeMode       0041850c     <common>
 0003:00002510       __fltused                  00418510     <common>
 0003:00002514       _main_menu_theme           00418514     <common>
 0003:0000255c       _main_menu                 0041855c     <common>
 0003:00002560       _m_bgra                    00418560     <common>
 0003:00002564       _hwndMain                  00418564     <common>
 0003:00002568       _damm_handle               00418568     <common>
 0003:0000256c       _mnu_hwnd                  0041856c     <common>
 0003:00002570       _old_menu_proc             00418570     <common>
 0003:00002574       __hHook                    00418574     <common>
 0003:00002578       _g_BmpHeight               00418578     <common>
 0003:0000257c       _g_BmpWidth                0041857c     <common>
 0003:00002580       _MainBitmap                00418580     <common>
 0003:00002584       _lpBits                    00418584     <common>
 0003:00002588       _lpBitmap                  00418588     <common>
 0003:0000258c       _opti_ht                   0041858c     <common>
 0003:00002590       _opti_dw                   00418590     <common>
 0003:00002594       _opti_up                   00418594     <common>
 0003:00002598       _plus_ht                   00418598     <common>
 0003:0000259c       _plus_dw                   0041859c     <common>
 0003:000025a0       _plus_up                   004185a0     <common>
 0003:000025a4       _g_hBmpHot                 004185a4     <common>
 0003:000025a8       _g_hBmpDown                004185a8     <common>
 0003:000025ac       _g_hBmpUp                  004185ac     <common>
 0003:000025b0       _buttons_proc              004185b0     <common>
 0003:000025d8       _plus_button               004185d8     <common>
 0003:000025dc       _opti_button               004185dc     <common>
 0003:000025e0       _menu_objects              004185e0     <common>
 0003:000025e4       _menu_button               004185e4     <common>
 0003:000025e8       _main_window               004185e8     <common>
 0003:000025ec       _hInst                     004185ec     <common>
 0003:000025f0       _first_menu_data           004185f0     <common>
 0003:000025f4       _primary_menu_data         004185f4     <common>
 0003:000025f8       _btnOldProc                004185f8     <common>
 0003:000025fc       ___iotab                   004185fc     <common>
 0003:000026fc       ___iolim                   004186fc     <common>

 entry point at        0001:0000a6f0

 Static symbols

 0001:00000a40       _TraverseSubObjects@12     00401a40 f   disphelper.obj
 0001:00000b30       _InternalInvokeV@24        00401b30 f   disphelper.obj
 0001:00000c20       _CreateArgumentArray@20    00401c20 f   disphelper.obj
 0001:00000d20       _ExtractArgument@16        00401d20 f   disphelper.obj
 0001:00001780       _hlprStringCchCopyW@12     00402780 f   disphelper.obj
 0001:000017e0       _InitializeTlsIndexes@0    004027e0 f   disphelper.obj
 0001:00002ac0       __drawMenuArrow@12         00403ac0 f   draw.obj
 0001:00004820       _InitApplication@0         00405820 f   main_menu.obj
 0001:000057a0       _CreateAndAppendNode@16    004067a0 f   main_menu.obj
 0001:00005830       _LoadXML@8                 00406830 f   main_menu.obj
 0001:000058f0       _get_menu_formWID@8        004068f0 f   main_menu.obj
 0001:000059c0       __GetMenu@8                004069c0 f   main_menu.obj
 0001:000059f0       _redim_items@8             004069f0 f   main_menu.obj
 0001:00005a80       _append_menuItem@20        00406a80 f   main_menu.obj
 0001:00005ae0       _parse_XML@8               00406ae0 f   main_menu.obj
 0001:00006a10       _FindMenuFromID@8          00407a10 f   main_menu.obj
 0001:000071c0       _buildMenu@8               004081c0 f   main_menu.obj
 0001:00009d40       _grabhunk                  0040ad40 f   crt:malloc.obj
 0001:0000ac80       ___my_fputs                0040bc80 f   crt:fputs.obj
 0001:0000afb0       _prout                     0040bfb0 f   crt:snprintf.obj
 0001:0000b030       _prout                     0040c030 f   crt:vsnprintf.obj
 0001:0000b0b0       _prout                     0040c0b0 f   crt:swprintf.obj
 0001:0000ba90       _parse_cmdline             0040ca90 f   crt:_setargv.obj
 0001:0000c090       _reformat                  0040d090 f   crt:_getzone.obj
 0001:0000ca30       _ctrlevent_capture@4       0040da30 f   crt:signal.obj
 0001:0000d230       _getint                    0040e230 f   crt:_getdst.obj
 0001:0000d4d0       _dst_date                  0040e4d0 f   crt:_tzone.obj
 0001:0000d440       _day_of_month              0040e440 f   crt:_tzone.obj
 0001:0000da60       _closeall                  0040ea60 f   crt:fclose.obj
 0001:0000f1a0       _prout                     004101a0 f   crt:sprintf.obj
